
--------- 146
ERROR COMPILING INSTRUCTIONS FOR add_4 : Cannot merge 2 store ops for reg0

OUTPUT FROM FU: mul_5
6 == 6? [48;5;22mPASS[0m
[42mPASSED[0m

OUTPUT FROM FU: mul_8
6 == 6? [48;5;22mPASS[0m
[42mPASSED[0m

OUTPUT FROM FU: mul_0
6 == 6? [48;5;22mPASS[0m
None == 10? [48;5;58mDFG#2[0m
143 == 143? [48;5;22mPASS[0m
323 == 323? [48;5;22mPASS[0m
667 == 667? [48;5;22mPASS[0m
1147 == 1147? [48;5;22mPASS[0m
1763 == 1763? [48;5;22mPASS[0m
2491 == 2491? [48;5;22mPASS[0m
3599 == 3599? [48;5;22mPASS[0m
4757 == 4757? [48;5;22mPASS[0m
[43mSOFT PASS[0m

OUTPUT FROM FU: add_0
2 == 2? [48;5;22mPASS[0m
4 == 4? [48;5;22mPASS[0m
8 == 8? [48;5;22mPASS[0m
16 == 16? [48;5;22mPASS[0m
32 == 32? [48;5;22mPASS[0m
[42mPASSED[0m

OUTPUT FROM FU: add_2
2 == 2? [48;5;22mPASS[0m
4 == 4? [48;5;22mPASS[0m
8 == 8? [48;5;22mPASS[0m
[42mPASSED[0m

OUTPUT FROM FU: mul_3
6 == 6? [48;5;22mPASS[0m
35 == 35? [48;5;22mPASS[0m
143 == 143? [48;5;22mPASS[0m
[42mPASSED[0m

OUTPUT FROM FU: mul_2
6 == 6? [48;5;22mPASS[0m
[42mPASSED[0m

OUTPUT FROM FU: add_1
2 == 2? [48;5;22mPASS[0m
4 == 4? [48;5;22mPASS[0m
8 == 8? [48;5;22mPASS[0m
16 == 16? [48;5;22mPASS[0m
32 == 32? [48;5;22mPASS[0m
[42mPASSED[0m

OUTPUT FROM FU: add_5
None == None? [48;5;58mDFG#2[0m
[43mSOFT PASS[0m

OUTPUT FROM FU: add_3
2 == 2? [48;5;22mPASS[0m
4 == 4? [48;5;22mPASS[0m
8 == 8? [48;5;22mPASS[0m
[42mPASSED[0m

OUTPUT FROM FU: mul_1
6 == 6? [48;5;22mPASS[0m
35 == 35? [48;5;22mPASS[0m
None == 55? [48;5;58mDFG#2[0m
323 == 323? [48;5;22mPASS[0m
667 == 667? [48;5;22mPASS[0m
[43mSOFT PASS[0m

OUTPUT FROM FU: mul_7
6 == 6? [48;5;22mPASS[0m
[42mPASSED[0m

OUTPUT FROM FU: mul_6
6 == 6? [48;5;22mPASS[0m
[42mPASSED[0m

OUTPUT FROM FU: mul_4
6 == 6? [48;5;22mPASS[0m
35 == 35? [48;5;22mPASS[0m
[42mPASSED[0m
--------- 147
ERROR COMPILING INSTRUCTIONS FOR add_0 : Cannot merge 2 store ops for reg0
ERROR COMPILING INSTRUCTIONS FOR add_3 : Cannot merge 2 store ops for reg0
ERROR COMPILING INSTRUCTIONS FOR add_1 : Cannot merge 2 store ops for reg0

OUTPUT FROM FU: mul_5
6 == 6? [48;5;22mPASS[0m
[42mPASSED[0m

OUTPUT FROM FU: mul_8
6 == 6? [48;5;22mPASS[0m
[42mPASSED[0m

OUTPUT FROM FU: mul_0
6 == 6? [48;5;22mPASS[0m
None == 10? [48;5;58mDFG#2[0m
143 == 143? [48;5;22mPASS[0m
323 == 323? [48;5;22mPASS[0m
667 == 667? [48;5;22mPASS[0m
1147 == 1147? [48;5;22mPASS[0m
1763 == 1763? [48;5;22mPASS[0m
2491 == 2491? [48;5;22mPASS[0m
3599 == 3599? [48;5;22mPASS[0m
4757 == 4757? [48;5;22mPASS[0m
[43mSOFT PASS[0m

OUTPUT FROM FU: add_2
2 == 2? [48;5;22mPASS[0m
4 == 4? [48;5;22mPASS[0m
8 == 8? [48;5;22mPASS[0m
[42mPASSED[0m

OUTPUT FROM FU: add_4
2 == 2? [48;5;22mPASS[0m
4 == 4? [48;5;22mPASS[0m
8 == 8? [48;5;22mPASS[0m
[42mPASSED[0m

OUTPUT FROM FU: mul_3
6 == 6? [48;5;22mPASS[0m
35 == 35? [48;5;22mPASS[0m
[42mPASSED[0m

OUTPUT FROM FU: mul_2
6 == 6? [48;5;22mPASS[0m
35 == 35? [48;5;22mPASS[0m
[42mPASSED[0m

OUTPUT FROM FU: mul_1
6 == 6? [48;5;22mPASS[0m
35 == 35? [48;5;22mPASS[0m
None == 55? [48;5;58mDFG#2[0m
323 == 323? [48;5;22mPASS[0m
667 == 667? [48;5;22mPASS[0m
[43mSOFT PASS[0m

OUTPUT FROM FU: mul_7
6 == 6? [48;5;22mPASS[0m
[42mPASSED[0m

OUTPUT FROM FU: mul_6
6 == 6? [48;5;22mPASS[0m
[42mPASSED[0m

OUTPUT FROM FU: mul_4
6 == 6? [48;5;22mPASS[0m
35 == 35? [48;5;22mPASS[0m
[42mPASSED[0m
--------- 148

OUTPUT FROM FU: mul_5
6 == 6? [48;5;22mPASS[0m
[42mPASSED[0m

OUTPUT FROM FU: mul_0
6 == 6? [48;5;22mPASS[0m
None == 10? [48;5;58mDFG#2[0m
143 == 143? [48;5;22mPASS[0m
323 == 323? [48;5;22mPASS[0m
667 == 667? [48;5;22mPASS[0m
1147 == 1147? [48;5;22mPASS[0m
1763 == 1763? [48;5;22mPASS[0m
2491 == 2491? [48;5;22mPASS[0m
3599 == 3599? [48;5;22mPASS[0m
4757 == 4757? [48;5;22mPASS[0m
5767 == 5767? [48;5;22mPASS[0m
[43mSOFT PASS[0m

OUTPUT FROM FU: add_0
2 == 2? [48;5;22mPASS[0m
4 == 4? [48;5;22mPASS[0m
None == 5? [48;5;58mDFG#2[0m
16 == 16? [48;5;22mPASS[0m
[43mSOFT PASS[0m

OUTPUT FROM FU: add_2
2 == 2? [48;5;22mPASS[0m
None == None? [48;5;58mDFG#2[0m
8 == 8? [48;5;22mPASS[0m
16 == 16? [48;5;22mPASS[0m
[43mSOFT PASS[0m

OUTPUT FROM FU: add_4
2 == 2? [48;5;22mPASS[0m
4 == 4? [48;5;22mPASS[0m
8 == 8? [48;5;22mPASS[0m
[42mPASSED[0m

OUTPUT FROM FU: mul_3
6 == 6? [48;5;22mPASS[0m
[42mPASSED[0m

OUTPUT FROM FU: mul_2
6 == 6? [48;5;22mPASS[0m
35 == 35? [48;5;22mPASS[0m
143 == 143? [48;5;22mPASS[0m
323 == 323? [48;5;22mPASS[0m
[42mPASSED[0m

OUTPUT FROM FU: add_1
2 == 2? [48;5;22mPASS[0m
4 == 4? [48;5;22mPASS[0m
8 == 8? [48;5;22mPASS[0m
None == 9? [48;5;58mDFG#2[0m
32 == 32? [48;5;22mPASS[0m
[43mSOFT PASS[0m

OUTPUT FROM FU: add_5
2 == 2? [48;5;22mPASS[0m
[42mPASSED[0m

OUTPUT FROM FU: add_3
2 == 2? [48;5;22mPASS[0m
4 == 4? [48;5;22mPASS[0m
8 == 8? [48;5;22mPASS[0m
[42mPASSED[0m

OUTPUT FROM FU: mul_1
6 == 6? [48;5;22mPASS[0m
None == 10? [48;5;58mDFG#2[0m
143 == 143? [48;5;22mPASS[0m
323 == 323? [48;5;22mPASS[0m
667 == 667? [48;5;22mPASS[0m
[43mSOFT PASS[0m

OUTPUT FROM FU: mul_7
6 == 6? [48;5;22mPASS[0m
[42mPASSED[0m

OUTPUT FROM FU: mul_6
6 == 6? [48;5;22mPASS[0m
[42mPASSED[0m

OUTPUT FROM FU: mul_4
6 == 6? [48;5;22mPASS[0m
[42mPASSED[0m
--------- 149

OUTPUT FROM FU: mul_5
6 == 6? [48;5;22mPASS[0m
35 == 35? [48;5;22mPASS[0m
[42mPASSED[0m

OUTPUT FROM FU: mul_0
6 == 6? [48;5;22mPASS[0m
None == 10? [48;5;58mDFG#2[0m
143 == 143? [48;5;22mPASS[0m
323 == 323? [48;5;22mPASS[0m
667 == 667? [48;5;22mPASS[0m
1147 == 1147? [48;5;22mPASS[0m
1763 == 1763? [48;5;22mPASS[0m
2491 == 2491? [48;5;22mPASS[0m
3599 == 3599? [48;5;22mPASS[0m
4757 == 4757? [48;5;22mPASS[0m
5767 == 5767? [48;5;22mPASS[0m
[43mSOFT PASS[0m

OUTPUT FROM FU: add_0
2 == 2? [48;5;22mPASS[0m
4 == 4? [48;5;22mPASS[0m
8 == 8? [48;5;22mPASS[0m
16 == 16? [48;5;22mPASS[0m
32 == 32? [48;5;22mPASS[0m
[42mPASSED[0m

OUTPUT FROM FU: add_2
2 == 2? [48;5;22mPASS[0m
4 == 4? [48;5;22mPASS[0m
8 == 8? [48;5;22mPASS[0m
16 == 16? [48;5;22mPASS[0m
[42mPASSED[0m

OUTPUT FROM FU: add_4
None == None? [48;5;58mDFG#2[0m
None == None? [48;5;58mDFG#2[0m
[43mSOFT PASS[0m

OUTPUT FROM FU: mul_3
6 == 6? [48;5;22mPASS[0m
35 == 35? [48;5;22mPASS[0m
[42mPASSED[0m

OUTPUT FROM FU: mul_2
6 == 6? [48;5;22mPASS[0m
35 == 35? [48;5;22mPASS[0m
143 == 143? [48;5;22mPASS[0m
323 == 323? [48;5;22mPASS[0m
[42mPASSED[0m

OUTPUT FROM FU: add_1
2 == 2? [48;5;22mPASS[0m
4 == 4? [48;5;22mPASS[0m
8 == 8? [48;5;22mPASS[0m
None == None? [48;5;58mDFG#2[0m
24 == 24? [48;5;22mPASS[0m
64 == 64? [48;5;22mPASS[0m
[43mSOFT PASS[0m

OUTPUT FROM FU: add_3
None == None? [48;5;58mDFG#2[0m
None == None? [48;5;58mDFG#2[0m
None == None? [48;5;58mDFG#2[0m
[43mSOFT PASS[0m

OUTPUT FROM FU: mul_1
6 == 6? [48;5;22mPASS[0m
None == 10? [48;5;58mDFG#2[0m
143 == 143? [48;5;22mPASS[0m
323 == 323? [48;5;22mPASS[0m
667 == 667? [48;5;22mPASS[0m
[43mSOFT PASS[0m

OUTPUT FROM FU: mul_4
6 == 6? [48;5;22mPASS[0m
[42mPASSED[0m
--------- 150
ERROR COMPILING INSTRUCTIONS FOR add_2 : Cannot merge 2 store ops for reg0
ERROR COMPILING INSTRUCTIONS FOR add_3 : Cannot merge 2 store ops for reg0

OUTPUT FROM FU: mul_5
6 == 6? [48;5;22mPASS[0m
[42mPASSED[0m

OUTPUT FROM FU: mul_0
6 == 6? [48;5;22mPASS[0m
None == 10? [48;5;58mDFG#2[0m
143 == 143? [48;5;22mPASS[0m
323 == 323? [48;5;22mPASS[0m
667 == 667? [48;5;22mPASS[0m
1147 == 1147? [48;5;22mPASS[0m
1763 == 1763? [48;5;22mPASS[0m
2491 == 2491? [48;5;22mPASS[0m
3599 == 3599? [48;5;22mPASS[0m
4757 == 4757? [48;5;22mPASS[0m
5767 == 5767? [48;5;22mPASS[0m
7387 == 7387? [48;5;22mPASS[0m
[43mSOFT PASS[0m

OUTPUT FROM FU: add_0
2 == 2? [48;5;22mPASS[0m
4 == 4? [48;5;22mPASS[0m
8 == 8? [48;5;22mPASS[0m
16 == 16? [48;5;22mPASS[0m
32 == 32? [48;5;22mPASS[0m
64 == 64? [48;5;22mPASS[0m
[42mPASSED[0m

OUTPUT FROM FU: add_4
2 == 2? [48;5;22mPASS[0m
[42mPASSED[0m

OUTPUT FROM FU: mul_3
6 == 6? [48;5;22mPASS[0m
None == 10? [48;5;58mDFG#2[0m
[43mSOFT PASS[0m

OUTPUT FROM FU: mul_2
6 == 6? [48;5;22mPASS[0m
35 == 35? [48;5;22mPASS[0m
143 == 143? [48;5;22mPASS[0m
323 == 323? [48;5;22mPASS[0m
[42mPASSED[0m

OUTPUT FROM FU: add_1
2 == 2? [48;5;22mPASS[0m
None == None? [48;5;58mDFG#2[0m
None == None? [48;5;58mDFG#2[0m
16 == 16? [48;5;22mPASS[0m
[43mSOFT PASS[0m

OUTPUT FROM FU: mul_1
6 == 6? [48;5;22mPASS[0m
35 == 35? [48;5;22mPASS[0m
143 == 143? [48;5;22mPASS[0m
323 == 323? [48;5;22mPASS[0m
667 == 667? [48;5;22mPASS[0m
[42mPASSED[0m

OUTPUT FROM FU: mul_4
6 == 6? [48;5;22mPASS[0m
[42mPASSED[0m
--------- 151
ERROR COMPILING INSTRUCTIONS FOR add_3 : Cannot merge 2 store ops for reg0

OUTPUT FROM FU: mul_0
6 == 6? [48;5;22mPASS[0m
None == 10? [48;5;58mDFG#2[0m
143 == 143? [48;5;22mPASS[0m
323 == 323? [48;5;22mPASS[0m
667 == 667? [48;5;22mPASS[0m
1147 == 1147? [48;5;22mPASS[0m
1763 == 1763? [48;5;22mPASS[0m
2491 == 2491? [48;5;22mPASS[0m
3599 == 3599? [48;5;22mPASS[0m
4757 == 4757? [48;5;22mPASS[0m
5767 == 5767? [48;5;22mPASS[0m
7387 == 7387? [48;5;22mPASS[0m
[43mSOFT PASS[0m

OUTPUT FROM FU: add_0
2 == 2? [48;5;22mPASS[0m
4 == 4? [48;5;22mPASS[0m
8 == 8? [48;5;22mPASS[0m
16 == 16? [48;5;22mPASS[0m
32 == 32? [48;5;22mPASS[0m
None == 34? [48;5;58mDFG#2[0m
128 == 128? [48;5;22mPASS[0m
[43mSOFT PASS[0m

OUTPUT FROM FU: add_2
None == None? [48;5;58mDFG#2[0m
4 == 4? [48;5;22mPASS[0m
8 == 8? [48;5;22mPASS[0m
16 == 16? [48;5;22mPASS[0m
32 == 32? [48;5;22mPASS[0m
[43mSOFT PASS[0m

OUTPUT FROM FU: mul_3
6 == 6? [48;5;22mPASS[0m
None == 10? [48;5;58mDFG#2[0m
None == 55? [48;5;58mDFG#2[0m
[43mSOFT PASS[0m

OUTPUT FROM FU: mul_2
6 == 6? [48;5;22mPASS[0m
35 == 35? [48;5;22mPASS[0m
143 == 143? [48;5;22mPASS[0m
[42mPASSED[0m

OUTPUT FROM FU: add_1
2 == 2? [48;5;22mPASS[0m
4 == 4? [48;5;22mPASS[0m
8 == 8? [48;5;22mPASS[0m
[42mPASSED[0m

OUTPUT FROM FU: mul_1
6 == 6? [48;5;22mPASS[0m
35 == 35? [48;5;22mPASS[0m
143 == 143? [48;5;22mPASS[0m
323 == 323? [48;5;22mPASS[0m
667 == 667? [48;5;22mPASS[0m
1147 == 1147? [48;5;22mPASS[0m
[42mPASSED[0m

OUTPUT FROM FU: mul_4
6 == 6? [48;5;22mPASS[0m
[42mPASSED[0m
--------- 152
ERROR COMPILING INSTRUCTIONS FOR add_2 : Cannot merge 2 store ops for reg0

OUTPUT FROM FU: mul_0
6 == 6? [48;5;22mPASS[0m
None == 10? [48;5;58mDFG#2[0m
143 == 143? [48;5;22mPASS[0m
323 == 323? [48;5;22mPASS[0m
667 == 667? [48;5;22mPASS[0m
1147 == 1147? [48;5;22mPASS[0m
1763 == 1763? [48;5;22mPASS[0m
2491 == 2491? [48;5;22mPASS[0m
3599 == 3599? [48;5;22mPASS[0m
4757 == 4757? [48;5;22mPASS[0m
5767 == 5767? [48;5;22mPASS[0m
7387 == 7387? [48;5;22mPASS[0m
9797 == 9797? [48;5;22mPASS[0m
[43mSOFT PASS[0m

OUTPUT FROM FU: add_0
2 == 2? [48;5;22mPASS[0m
4 == 4? [48;5;22mPASS[0m
8 == 8? [48;5;22mPASS[0m
[42mPASSED[0m

OUTPUT FROM FU: add_4
2 == 2? [48;5;22mPASS[0m
[42mPASSED[0m

OUTPUT FROM FU: mul_3
6 == 6? [48;5;22mPASS[0m
None == 10? [48;5;58mDFG#2[0m
None == 55? [48;5;58mDFG#2[0m
[43mSOFT PASS[0m

OUTPUT FROM FU: mul_2
6 == 6? [48;5;22mPASS[0m
35 == 35? [48;5;22mPASS[0m
[42mPASSED[0m

OUTPUT FROM FU: add_1
2 == 2? [48;5;22mPASS[0m
4 == 4? [48;5;22mPASS[0m
8 == 8? [48;5;22mPASS[0m
16 == 16? [48;5;22mPASS[0m
None == 17? [48;5;58mDFG#2[0m
None == 49? [48;5;58mDFG#2[0m
128 == 128? [48;5;22mPASS[0m
[43mSOFT PASS[0m

OUTPUT FROM FU: add_3
2 == 2? [48;5;22mPASS[0m
4 == 4? [48;5;22mPASS[0m
8 == 8? [48;5;22mPASS[0m
None == 10? [48;5;58mDFG#2[0m
[43mSOFT PASS[0m

OUTPUT FROM FU: mul_1
6 == 6? [48;5;22mPASS[0m
35 == 35? [48;5;22mPASS[0m
143 == 143? [48;5;22mPASS[0m
323 == 323? [48;5;22mPASS[0m
667 == 667? [48;5;22mPASS[0m
1147 == 1147? [48;5;22mPASS[0m
[42mPASSED[0m

OUTPUT FROM FU: mul_4
6 == 6? [48;5;22mPASS[0m
[42mPASSED[0m
--------- 153
ERROR COMPILING INSTRUCTIONS FOR add_2 : Cannot merge 2 store ops for reg0

OUTPUT FROM FU: mul_0
6 == 6? [48;5;22mPASS[0m
None == 10? [48;5;58mDFG#2[0m
143 == 143? [48;5;22mPASS[0m
323 == 323? [48;5;22mPASS[0m
667 == 667? [48;5;22mPASS[0m
1147 == 1147? [48;5;22mPASS[0m
1763 == 1763? [48;5;22mPASS[0m
2491 == 2491? [48;5;22mPASS[0m
3599 == 3599? [48;5;22mPASS[0m
4757 == 4757? [48;5;22mPASS[0m
5767 == 5767? [48;5;22mPASS[0m
7387 == 7387? [48;5;22mPASS[0m
9797 == 9797? [48;5;22mPASS[0m
[43mSOFT PASS[0m

OUTPUT FROM FU: add_0
2 == 2? [48;5;22mPASS[0m
4 == 4? [48;5;22mPASS[0m
None == 5? [48;5;58mDFG#2[0m
16 == 16? [48;5;22mPASS[0m
[43mSOFT PASS[0m

OUTPUT FROM FU: add_4
2 == 2? [48;5;22mPASS[0m
[42mPASSED[0m

OUTPUT FROM FU: mul_3
6 == 6? [48;5;22mPASS[0m
35 == 35? [48;5;22mPASS[0m
143 == 143? [48;5;22mPASS[0m
[42mPASSED[0m

OUTPUT FROM FU: mul_2
6 == 6? [48;5;22mPASS[0m
35 == 35? [48;5;22mPASS[0m
[42mPASSED[0m

OUTPUT FROM FU: add_1
2 == 2? [48;5;22mPASS[0m
4 == 4? [48;5;22mPASS[0m
8 == 8? [48;5;22mPASS[0m
16 == 16? [48;5;22mPASS[0m
32 == 32? [48;5;22mPASS[0m
None == 6? [48;5;58mDFG#2[0m
128 == 128? [48;5;22mPASS[0m
[43mSOFT PASS[0m

OUTPUT FROM FU: add_3
2 == 2? [48;5;22mPASS[0m
4 == 4? [48;5;22mPASS[0m
6 == 6? [48;5;22mPASS[0m
[42mPASSED[0m

OUTPUT FROM FU: mul_1
6 == 6? [48;5;22mPASS[0m
35 == 35? [48;5;22mPASS[0m
143 == 143? [48;5;22mPASS[0m
323 == 323? [48;5;22mPASS[0m
667 == 667? [48;5;22mPASS[0m
1147 == 1147? [48;5;22mPASS[0m
1763 == 1763? [48;5;22mPASS[0m
[42mPASSED[0m
--------- 154

OUTPUT FROM FU: mul_0
6 == 6? [48;5;22mPASS[0m
None == 10? [48;5;58mDFG#2[0m
143 == 143? [48;5;22mPASS[0m
323 == 323? [48;5;22mPASS[0m
667 == 667? [48;5;22mPASS[0m
1147 == 1147? [48;5;22mPASS[0m
1763 == 1763? [48;5;22mPASS[0m
2491 == 2491? [48;5;22mPASS[0m
3599 == 3599? [48;5;22mPASS[0m
4757 == 4757? [48;5;22mPASS[0m
5767 == 5767? [48;5;22mPASS[0m
7387 == 7387? [48;5;22mPASS[0m
9797 == 9797? [48;5;22mPASS[0m
11021 == 11021? [48;5;22mPASS[0m
[43mSOFT PASS[0m

OUTPUT FROM FU: add_0
2 == 2? [48;5;22mPASS[0m
4 == 4? [48;5;22mPASS[0m
8 == 8? [48;5;22mPASS[0m
16 == 16? [48;5;22mPASS[0m
32 == 32? [48;5;22mPASS[0m
[42mPASSED[0m

OUTPUT FROM FU: add_2
2 == 2? [48;5;22mPASS[0m
4 == 4? [48;5;22mPASS[0m
8 == 8? [48;5;22mPASS[0m
16 == 16? [48;5;22mPASS[0m
32 == 32? [48;5;22mPASS[0m
[42mPASSED[0m

OUTPUT FROM FU: add_4
2 == 2? [48;5;22mPASS[0m
4 == 4? [48;5;22mPASS[0m
[42mPASSED[0m

OUTPUT FROM FU: mul_3
6 == 6? [48;5;22mPASS[0m
35 == 35? [48;5;22mPASS[0m
143 == 143? [48;5;22mPASS[0m
[42mPASSED[0m

OUTPUT FROM FU: mul_2
6 == 6? [48;5;22mPASS[0m
35 == 35? [48;5;22mPASS[0m
[42mPASSED[0m

OUTPUT FROM FU: add_1
2 == 2? [48;5;22mPASS[0m
4 == 4? [48;5;22mPASS[0m
8 == 8? [48;5;22mPASS[0m
16 == 16? [48;5;22mPASS[0m
[42mPASSED[0m

OUTPUT FROM FU: add_3
2 == 2? [48;5;22mPASS[0m
4 == 4? [48;5;22mPASS[0m
8 == 8? [48;5;22mPASS[0m
16 == 16? [48;5;22mPASS[0m
[42mPASSED[0m

OUTPUT FROM FU: mul_1
6 == 6? [48;5;22mPASS[0m
35 == 35? [48;5;22mPASS[0m
143 == 143? [48;5;22mPASS[0m
323 == 323? [48;5;22mPASS[0m
667 == 667? [48;5;22mPASS[0m
1147 == 1147? [48;5;22mPASS[0m
[42mPASSED[0m
--------- 155
ERROR COMPILING INSTRUCTIONS FOR add_2 : Cannot merge 2 store ops for reg0
ERROR COMPILING INSTRUCTIONS FOR add_3 : Cannot merge 2 store ops for reg0

OUTPUT FROM FU: mul_0
6 == 6? [48;5;22mPASS[0m
None == 10? [48;5;58mDFG#2[0m
143 == 143? [48;5;22mPASS[0m
323 == 323? [48;5;22mPASS[0m
667 == 667? [48;5;22mPASS[0m
1147 == 1147? [48;5;22mPASS[0m
1763 == 1763? [48;5;22mPASS[0m
2491 == 2491? [48;5;22mPASS[0m
3599 == 3599? [48;5;22mPASS[0m
4757 == 4757? [48;5;22mPASS[0m
5767 == 5767? [48;5;22mPASS[0m
7387 == 7387? [48;5;22mPASS[0m
9797 == 9797? [48;5;22mPASS[0m
11021 == 11021? [48;5;22mPASS[0m
[43mSOFT PASS[0m

OUTPUT FROM FU: add_0
2 == 2? [48;5;22mPASS[0m
4 == 4? [48;5;22mPASS[0m
8 == 8? [48;5;22mPASS[0m
16 == 16? [48;5;22mPASS[0m
32 == 32? [48;5;22mPASS[0m
64 == 64? [48;5;22mPASS[0m
[42mPASSED[0m

OUTPUT FROM FU: add_4
2 == 2? [48;5;22mPASS[0m
[42mPASSED[0m

OUTPUT FROM FU: mul_2
6 == 6? [48;5;22mPASS[0m
None == 10? [48;5;58mDFG#2[0m
None == 55? [48;5;58mDFG#2[0m
323 == 323? [48;5;22mPASS[0m
[43mSOFT PASS[0m

OUTPUT FROM FU: add_1
2 == 2? [48;5;22mPASS[0m
4 == 4? [48;5;22mPASS[0m
8 == 8? [48;5;22mPASS[0m
16 == 16? [48;5;22mPASS[0m
[42mPASSED[0m

OUTPUT FROM FU: mul_1
6 == 6? [48;5;22mPASS[0m
35 == 35? [48;5;22mPASS[0m
143 == 143? [48;5;22mPASS[0m
323 == 323? [48;5;22mPASS[0m
667 == 667? [48;5;22mPASS[0m
1147 == 1147? [48;5;22mPASS[0m
1763 == 1763? [48;5;22mPASS[0m
[42mPASSED[0m
--------- 156
ERROR COMPILING INSTRUCTIONS FOR add_2 : Cannot merge 2 store ops for reg0
ERROR COMPILING INSTRUCTIONS FOR add_1 : Cannot merge 2 store ops for reg0

OUTPUT FROM FU: mul_0
6 == 6? [48;5;22mPASS[0m
None == 10? [48;5;58mDFG#2[0m
143 == 143? [48;5;22mPASS[0m
323 == 323? [48;5;22mPASS[0m
667 == 667? [48;5;22mPASS[0m
1147 == 1147? [48;5;22mPASS[0m
1763 == 1763? [48;5;22mPASS[0m
2491 == 2491? [48;5;22mPASS[0m
3599 == 3599? [48;5;22mPASS[0m
4757 == 4757? [48;5;22mPASS[0m
5767 == 5767? [48;5;22mPASS[0m
7387 == 7387? [48;5;22mPASS[0m
9797 == 9797? [48;5;22mPASS[0m
11021 == 11021? [48;5;22mPASS[0m
12317 == 12317? [48;5;22mPASS[0m
[43mSOFT PASS[0m

OUTPUT FROM FU: add_0
2 == 2? [48;5;22mPASS[0m
4 == 4? [48;5;22mPASS[0m
8 == 8? [48;5;22mPASS[0m
None == 9? [48;5;58mDFG#2[0m
32 == 32? [48;5;22mPASS[0m
[43mSOFT PASS[0m

OUTPUT FROM FU: add_4
2 == 2? [48;5;22mPASS[0m
4 == 4? [48;5;22mPASS[0m
[42mPASSED[0m

OUTPUT FROM FU: mul_2
6 == 6? [48;5;22mPASS[0m
None == 10? [48;5;58mDFG#2[0m
None == 55? [48;5;58mDFG#2[0m
323 == 323? [48;5;22mPASS[0m
[43mSOFT PASS[0m

OUTPUT FROM FU: add_3
2 == 2? [48;5;22mPASS[0m
4 == 4? [48;5;22mPASS[0m
[42mPASSED[0m

OUTPUT FROM FU: mul_1
6 == 6? [48;5;22mPASS[0m
35 == 35? [48;5;22mPASS[0m
143 == 143? [48;5;22mPASS[0m
323 == 323? [48;5;22mPASS[0m
667 == 667? [48;5;22mPASS[0m
1147 == 1147? [48;5;22mPASS[0m
[42mPASSED[0m
--------- 157
ERROR COMPILING INSTRUCTIONS FOR add_1 : Cannot merge 2 store ops for reg0

OUTPUT FROM FU: mul_0
6 == 6? [48;5;22mPASS[0m
None == 10? [48;5;58mDFG#2[0m
143 == 143? [48;5;22mPASS[0m
323 == 323? [48;5;22mPASS[0m
667 == 667? [48;5;22mPASS[0m
1147 == 1147? [48;5;22mPASS[0m
1763 == 1763? [48;5;22mPASS[0m
2491 == 2491? [48;5;22mPASS[0m
3599 == 3599? [48;5;22mPASS[0m
4757 == 4757? [48;5;22mPASS[0m
5767 == 5767? [48;5;22mPASS[0m
7387 == 7387? [48;5;22mPASS[0m
9797 == 9797? [48;5;22mPASS[0m
11021 == 11021? [48;5;22mPASS[0m
12317 == 12317? [48;5;22mPASS[0m
[43mSOFT PASS[0m

OUTPUT FROM FU: add_0
2 == 2? [48;5;22mPASS[0m
4 == 4? [48;5;22mPASS[0m
8 == 8? [48;5;22mPASS[0m
16 == 16? [48;5;22mPASS[0m
32 == 32? [48;5;22mPASS[0m
None == 34? [48;5;58mDFG#2[0m
[43mSOFT PASS[0m

OUTPUT FROM FU: add_2
2 == 2? [48;5;22mPASS[0m
4 == 4? [48;5;22mPASS[0m
8 == 8? [48;5;22mPASS[0m
16 == 16? [48;5;22mPASS[0m
None == 6? [48;5;58mDFG#2[0m
64 == 64? [48;5;22mPASS[0m
[43mSOFT PASS[0m

OUTPUT FROM FU: add_4
2 == 2? [48;5;22mPASS[0m
[42mPASSED[0m

OUTPUT FROM FU: mul_2
6 == 6? [48;5;22mPASS[0m
35 == 35? [48;5;22mPASS[0m
143 == 143? [48;5;22mPASS[0m
[42mPASSED[0m

OUTPUT FROM FU: add_3
2 == 2? [48;5;22mPASS[0m
4 == 4? [48;5;22mPASS[0m
[42mPASSED[0m

OUTPUT FROM FU: mul_1
6 == 6? [48;5;22mPASS[0m
35 == 35? [48;5;22mPASS[0m
143 == 143? [48;5;22mPASS[0m
323 == 323? [48;5;22mPASS[0m
667 == 667? [48;5;22mPASS[0m
1147 == 1147? [48;5;22mPASS[0m
1763 == 1763? [48;5;22mPASS[0m
[42mPASSED[0m
--------- 158
ERROR COMPILING INSTRUCTIONS FOR add_1 : Cannot merge 2 store ops for reg0

OUTPUT FROM FU: mul_0
6 == 6? [48;5;22mPASS[0m
None == 10? [48;5;58mDFG#2[0m
143 == 143? [48;5;22mPASS[0m
323 == 323? [48;5;22mPASS[0m
667 == 667? [48;5;22mPASS[0m
1147 == 1147? [48;5;22mPASS[0m
1763 == 1763? [48;5;22mPASS[0m
2491 == 2491? [48;5;22mPASS[0m
3599 == 3599? [48;5;22mPASS[0m
4757 == 4757? [48;5;22mPASS[0m
5767 == 5767? [48;5;22mPASS[0m
7387 == 7387? [48;5;22mPASS[0m
9797 == 9797? [48;5;22mPASS[0m
11021 == 11021? [48;5;22mPASS[0m
12317 == 12317? [48;5;22mPASS[0m
16637 == 16637? [48;5;22mPASS[0m
[43mSOFT PASS[0m

OUTPUT FROM FU: add_0
2 == 2? [48;5;22mPASS[0m
4 == 4? [48;5;22mPASS[0m
8 == 8? [48;5;22mPASS[0m
16 == 16? [48;5;22mPASS[0m
32 == 32? [48;5;22mPASS[0m
None == 36? [48;5;58mDFG#2[0m
128 == 128? [48;5;22mPASS[0m
[43mSOFT PASS[0m

OUTPUT FROM FU: add_2
2 == 2? [48;5;22mPASS[0m
4 == 4? [48;5;22mPASS[0m
8 == 8? [48;5;22mPASS[0m
16 == 16? [48;5;22mPASS[0m
32 == 32? [48;5;22mPASS[0m
[42mPASSED[0m

OUTPUT FROM FU: add_4
2 == 2? [48;5;22mPASS[0m
[42mPASSED[0m

OUTPUT FROM FU: mul_2
6 == 6? [48;5;22mPASS[0m
[42mPASSED[0m

OUTPUT FROM FU: add_3
None == None? [48;5;58mDFG#2[0m
4 == 4? [48;5;22mPASS[0m
None == None? [48;5;58mDFG#2[0m
[43mSOFT PASS[0m

OUTPUT FROM FU: mul_1
6 == 6? [48;5;22mPASS[0m
35 == 35? [48;5;22mPASS[0m
143 == 143? [48;5;22mPASS[0m
323 == 323? [48;5;22mPASS[0m
667 == 667? [48;5;22mPASS[0m
1147 == 1147? [48;5;22mPASS[0m
1763 == 1763? [48;5;22mPASS[0m
2491 == 2491? [48;5;22mPASS[0m
[42mPASSED[0m
--------- 159
ERROR COMPILING INSTRUCTIONS FOR add_1 : Cannot merge 2 store ops for reg0
ERROR COMPILING INSTRUCTIONS FOR add_0 : Cannot merge 2 store ops for reg0
ERROR COMPILING INSTRUCTIONS FOR add_3 : Cannot merge 2 store ops for reg0

OUTPUT FROM FU: mul_0
6 == 6? [48;5;22mPASS[0m
None == 10? [48;5;58mDFG#2[0m
143 == 143? [48;5;22mPASS[0m
323 == 323? [48;5;22mPASS[0m
667 == 667? [48;5;22mPASS[0m
1147 == 1147? [48;5;22mPASS[0m
1763 == 1763? [48;5;22mPASS[0m
2491 == 2491? [48;5;22mPASS[0m
3599 == 3599? [48;5;22mPASS[0m
4757 == 4757? [48;5;22mPASS[0m
5767 == 5767? [48;5;22mPASS[0m
7387 == 7387? [48;5;22mPASS[0m
9797 == 9797? [48;5;22mPASS[0m
11021 == 11021? [48;5;22mPASS[0m
12317 == 12317? [48;5;22mPASS[0m
16637 == 16637? [48;5;22mPASS[0m
[43mSOFT PASS[0m

OUTPUT FROM FU: add_2
None == None? [48;5;58mDFG#2[0m
4 == 4? [48;5;22mPASS[0m
[43mSOFT PASS[0m

OUTPUT FROM FU: mul_1
6 == 6? [48;5;22mPASS[0m
35 == 35? [48;5;22mPASS[0m
143 == 143? [48;5;22mPASS[0m
323 == 323? [48;5;22mPASS[0m
667 == 667? [48;5;22mPASS[0m
1147 == 1147? [48;5;22mPASS[0m
1763 == 1763? [48;5;22mPASS[0m
2491 == 2491? [48;5;22mPASS[0m
3599 == 3599? [48;5;22mPASS[0m
[42mPASSED[0m
--------- 160
ERROR COMPILING INSTRUCTIONS FOR add_1 : Cannot merge 2 store ops for reg0
ERROR COMPILING INSTRUCTIONS FOR add_0 : Cannot merge 2 store ops for reg0

OUTPUT FROM FU: mul_0
6 == 6? [48;5;22mPASS[0m
None == 10? [48;5;58mDFG#2[0m
143 == 143? [48;5;22mPASS[0m
323 == 323? [48;5;22mPASS[0m
667 == 667? [48;5;22mPASS[0m
1147 == 1147? [48;5;22mPASS[0m
1763 == 1763? [48;5;22mPASS[0m
2491 == 2491? [48;5;22mPASS[0m
3599 == 3599? [48;5;22mPASS[0m
4757 == 4757? [48;5;22mPASS[0m
5767 == 5767? [48;5;22mPASS[0m
7387 == 7387? [48;5;22mPASS[0m
9797 == 9797? [48;5;22mPASS[0m
11021 == 11021? [48;5;22mPASS[0m
12317 == 12317? [48;5;22mPASS[0m
16637 == 16637? [48;5;22mPASS[0m
19043 == 19043? [48;5;22mPASS[0m
[43mSOFT PASS[0m

OUTPUT FROM FU: add_2
None == None? [48;5;58mDFG#2[0m
4 == 4? [48;5;22mPASS[0m
8 == 8? [48;5;22mPASS[0m
[43mSOFT PASS[0m

OUTPUT FROM FU: add_4
2 == 2? [48;5;22mPASS[0m
[42mPASSED[0m

OUTPUT FROM FU: add_3
2 == 2? [48;5;22mPASS[0m
4 == 4? [48;5;22mPASS[0m
[42mPASSED[0m

OUTPUT FROM FU: mul_1
6 == 6? [48;5;22mPASS[0m
35 == 35? [48;5;22mPASS[0m
143 == 143? [48;5;22mPASS[0m
323 == 323? [48;5;22mPASS[0m
667 == 667? [48;5;22mPASS[0m
1147 == 1147? [48;5;22mPASS[0m
1763 == 1763? [48;5;22mPASS[0m
2491 == 2491? [48;5;22mPASS[0m
[42mPASSED[0m
--------- 161
ERROR COMPILING INSTRUCTIONS FOR add_1 : Cannot merge 2 store ops for reg0
ERROR COMPILING INSTRUCTIONS FOR add_0 : Cannot merge 2 store ops for reg0

OUTPUT FROM FU: mul_0
6 == 6? [48;5;22mPASS[0m
None == 10? [48;5;58mDFG#2[0m
143 == 143? [48;5;22mPASS[0m
323 == 323? [48;5;22mPASS[0m
667 == 667? [48;5;22mPASS[0m
1147 == 1147? [48;5;22mPASS[0m
1763 == 1763? [48;5;22mPASS[0m
2491 == 2491? [48;5;22mPASS[0m
3599 == 3599? [48;5;22mPASS[0m
4757 == 4757? [48;5;22mPASS[0m
5767 == 5767? [48;5;22mPASS[0m
7387 == 7387? [48;5;22mPASS[0m
9797 == 9797? [48;5;22mPASS[0m
11021 == 11021? [48;5;22mPASS[0m
12317 == 12317? [48;5;22mPASS[0m
16637 == 16637? [48;5;22mPASS[0m
19043 == 19043? [48;5;22mPASS[0m
[43mSOFT PASS[0m

OUTPUT FROM FU: add_2
None == None? [48;5;58mDFG#2[0m
4 == 4? [48;5;22mPASS[0m
None == 5? [48;5;58mDFG#2[0m
[43mSOFT PASS[0m

OUTPUT FROM FU: add_3
2 == 2? [48;5;22mPASS[0m
4 == 4? [48;5;22mPASS[0m
[42mPASSED[0m

OUTPUT FROM FU: mul_1
6 == 6? [48;5;22mPASS[0m
35 == 35? [48;5;22mPASS[0m
143 == 143? [48;5;22mPASS[0m
323 == 323? [48;5;22mPASS[0m
667 == 667? [48;5;22mPASS[0m
1147 == 1147? [48;5;22mPASS[0m
1763 == 1763? [48;5;22mPASS[0m
2491 == 2491? [48;5;22mPASS[0m
[42mPASSED[0m
--------- 162
ERROR COMPILING INSTRUCTIONS FOR add_0 : Cannot merge 2 store ops for reg0

OUTPUT FROM FU: mul_0
6 == 6? [48;5;22mPASS[0m
None == 10? [48;5;58mDFG#2[0m
143 == 143? [48;5;22mPASS[0m
323 == 323? [48;5;22mPASS[0m
667 == 667? [48;5;22mPASS[0m
1147 == 1147? [48;5;22mPASS[0m
1763 == 1763? [48;5;22mPASS[0m
2491 == 2491? [48;5;22mPASS[0m
3599 == 3599? [48;5;22mPASS[0m
4757 == 4757? [48;5;22mPASS[0m
5767 == 5767? [48;5;22mPASS[0m
7387 == 7387? [48;5;22mPASS[0m
9797 == 9797? [48;5;22mPASS[0m
11021 == 11021? [48;5;22mPASS[0m
12317 == 12317? [48;5;22mPASS[0m
16637 == 16637? [48;5;22mPASS[0m
19043 == 19043? [48;5;22mPASS[0m
22499 == 22499? [48;5;22mPASS[0m
[43mSOFT PASS[0m

OUTPUT FROM FU: add_2
None == None? [48;5;58mDFG#2[0m
None == None? [48;5;58mDFG#2[0m
8 == 8? [48;5;22mPASS[0m
16 == 16? [48;5;22mPASS[0m
[43mSOFT PASS[0m

OUTPUT FROM FU: add_4
2 == 2? [48;5;22mPASS[0m
[42mPASSED[0m

OUTPUT FROM FU: add_1
2 == 2? [48;5;22mPASS[0m
4 == 4? [48;5;22mPASS[0m
8 == 8? [48;5;22mPASS[0m
[42mPASSED[0m

OUTPUT FROM FU: add_3
2 == 2? [48;5;22mPASS[0m
4 == 4? [48;5;22mPASS[0m
[42mPASSED[0m

OUTPUT FROM FU: mul_1
6 == 6? [48;5;22mPASS[0m
35 == 35? [48;5;22mPASS[0m
143 == 143? [48;5;22mPASS[0m
323 == 323? [48;5;22mPASS[0m
667 == 667? [48;5;22mPASS[0m
1147 == 1147? [48;5;22mPASS[0m
1763 == 1763? [48;5;22mPASS[0m
[42mPASSED[0m
--------- 163
ERROR COMPILING INSTRUCTIONS FOR add_0 : Cannot merge 2 store ops for reg0

OUTPUT FROM FU: mul_0
6 == 6? [48;5;22mPASS[0m
None == 10? [48;5;58mDFG#2[0m
143 == 143? [48;5;22mPASS[0m
323 == 323? [48;5;22mPASS[0m
667 == 667? [48;5;22mPASS[0m
1147 == 1147? [48;5;22mPASS[0m
1763 == 1763? [48;5;22mPASS[0m
2491 == 2491? [48;5;22mPASS[0m
3599 == 3599? [48;5;22mPASS[0m
4757 == 4757? [48;5;22mPASS[0m
5767 == 5767? [48;5;22mPASS[0m
7387 == 7387? [48;5;22mPASS[0m
9797 == 9797? [48;5;22mPASS[0m
11021 == 11021? [48;5;22mPASS[0m
12317 == 12317? [48;5;22mPASS[0m
16637 == 16637? [48;5;22mPASS[0m
19043 == 19043? [48;5;22mPASS[0m
22499 == 22499? [48;5;22mPASS[0m
[43mSOFT PASS[0m

OUTPUT FROM FU: add_2
2 == 2? [48;5;22mPASS[0m
4 == 4? [48;5;22mPASS[0m
8 == 8? [48;5;22mPASS[0m
[42mPASSED[0m

OUTPUT FROM FU: add_1
None == None? [48;5;58mDFG#2[0m
4 == 4? [48;5;22mPASS[0m
None == None? [48;5;58mDFG#2[0m
16 == 16? [48;5;22mPASS[0m
32 == 32? [48;5;22mPASS[0m
64 == 64? [48;5;22mPASS[0m
[43mSOFT PASS[0m

OUTPUT FROM FU: mul_1
6 == 6? [48;5;22mPASS[0m
35 == 35? [48;5;22mPASS[0m
143 == 143? [48;5;22mPASS[0m
323 == 323? [48;5;22mPASS[0m
667 == 667? [48;5;22mPASS[0m
1147 == 1147? [48;5;22mPASS[0m
1763 == 1763? [48;5;22mPASS[0m
[42mPASSED[0m
--------- 164
ERROR COMPILING INSTRUCTIONS FOR add_1 : Cannot merge 2 store ops for reg0

OUTPUT FROM FU: mul_0
6 == 6? [48;5;22mPASS[0m
None == 10? [48;5;58mDFG#2[0m
143 == 143? [48;5;22mPASS[0m
323 == 323? [48;5;22mPASS[0m
667 == 667? [48;5;22mPASS[0m
1147 == 1147? [48;5;22mPASS[0m
1763 == 1763? [48;5;22mPASS[0m
2491 == 2491? [48;5;22mPASS[0m
3599 == 3599? [48;5;22mPASS[0m
4757 == 4757? [48;5;22mPASS[0m
5767 == 5767? [48;5;22mPASS[0m
7387 == 7387? [48;5;22mPASS[0m
9797 == 9797? [48;5;22mPASS[0m
11021 == 11021? [48;5;22mPASS[0m
12317 == 12317? [48;5;22mPASS[0m
16637 == 16637? [48;5;22mPASS[0m
19043 == 19043? [48;5;22mPASS[0m
22499 == 22499? [48;5;22mPASS[0m
25591 == 25591? [48;5;22mPASS[0m
[43mSOFT PASS[0m

OUTPUT FROM FU: add_0
2 == 2? [48;5;22mPASS[0m
4 == 4? [48;5;22mPASS[0m
8 == 8? [48;5;22mPASS[0m
16 == 16? [48;5;22mPASS[0m
32 == 32? [48;5;22mPASS[0m
64 == 64? [48;5;22mPASS[0m
128 == 128? [48;5;22mPASS[0m
256 == 256? [48;5;22mPASS[0m
272 == 272? [48;5;22mPASS[0m
1024 == 1024? [48;5;22mPASS[0m
[42mPASSED[0m

OUTPUT FROM FU: add_2
2 == 2? [48;5;22mPASS[0m
None == None? [48;5;58mDFG#2[0m
[43mSOFT PASS[0m

OUTPUT FROM FU: add_4
2 == 2? [48;5;22mPASS[0m
[42mPASSED[0m

OUTPUT FROM FU: add_3
2 == 2? [48;5;22mPASS[0m
4 == 4? [48;5;22mPASS[0m
[42mPASSED[0m

OUTPUT FROM FU: mul_1
6 == 6? [48;5;22mPASS[0m
35 == 35? [48;5;22mPASS[0m
143 == 143? [48;5;22mPASS[0m
323 == 323? [48;5;22mPASS[0m
667 == 667? [48;5;22mPASS[0m
1147 == 1147? [48;5;22mPASS[0m
[42mPASSED[0m
--------- 165

OUTPUT FROM FU: mul_0
6 == 6? [48;5;22mPASS[0m
None == 10? [48;5;58mDFG#2[0m
143 == 143? [48;5;22mPASS[0m
323 == 323? [48;5;22mPASS[0m
667 == 667? [48;5;22mPASS[0m
1147 == 1147? [48;5;22mPASS[0m
1763 == 1763? [48;5;22mPASS[0m
2491 == 2491? [48;5;22mPASS[0m
3599 == 3599? [48;5;22mPASS[0m
4757 == 4757? [48;5;22mPASS[0m
5767 == 5767? [48;5;22mPASS[0m
7387 == 7387? [48;5;22mPASS[0m
9797 == 9797? [48;5;22mPASS[0m
11021 == 11021? [48;5;22mPASS[0m
12317 == 12317? [48;5;22mPASS[0m
16637 == 16637? [48;5;22mPASS[0m
19043 == 19043? [48;5;22mPASS[0m
22499 == 22499? [48;5;22mPASS[0m
25591 == 25591? [48;5;22mPASS[0m
[43mSOFT PASS[0m

OUTPUT FROM FU: add_0
2 == 2? [48;5;22mPASS[0m
4 == 4? [48;5;22mPASS[0m
8 == 8? [48;5;22mPASS[0m
16 == 16? [48;5;22mPASS[0m
32 == 32? [48;5;22mPASS[0m
64 == 64? [48;5;22mPASS[0m
128 == 128? [48;5;22mPASS[0m
256 == 256? [48;5;22mPASS[0m
512 == 512? [48;5;22mPASS[0m
528 == 528? [48;5;22mPASS[0m
2048 == 2048? [48;5;22mPASS[0m
[42mPASSED[0m

OUTPUT FROM FU: add_2
2 == 2? [48;5;22mPASS[0m
4 == 4? [48;5;22mPASS[0m
8 == 8? [48;5;22mPASS[0m
[42mPASSED[0m

OUTPUT FROM FU: add_1
None == None? [48;5;58mDFG#2[0m
4 == 4? [48;5;22mPASS[0m
None == None? [48;5;58mDFG#2[0m
16 == 16? [48;5;22mPASS[0m
32 == 32? [48;5;22mPASS[0m
64 == 64? [48;5;22mPASS[0m
[43mSOFT PASS[0m

OUTPUT FROM FU: mul_1
6 == 6? [48;5;22mPASS[0m
35 == 35? [48;5;22mPASS[0m
143 == 143? [48;5;22mPASS[0m
323 == 323? [48;5;22mPASS[0m
667 == 667? [48;5;22mPASS[0m
1147 == 1147? [48;5;22mPASS[0m
[42mPASSED[0m
--------- 166

OUTPUT FROM FU: mul_0
6 == 6? [48;5;22mPASS[0m
None == 10? [48;5;58mDFG#2[0m
143 == 143? [48;5;22mPASS[0m
323 == 323? [48;5;22mPASS[0m
667 == 667? [48;5;22mPASS[0m
1147 == 1147? [48;5;22mPASS[0m
1763 == 1763? [48;5;22mPASS[0m
2491 == 2491? [48;5;22mPASS[0m
3599 == 3599? [48;5;22mPASS[0m
4757 == 4757? [48;5;22mPASS[0m
5767 == 5767? [48;5;22mPASS[0m
7387 == 7387? [48;5;22mPASS[0m
9797 == 9797? [48;5;22mPASS[0m
11021 == 11021? [48;5;22mPASS[0m
12317 == 12317? [48;5;22mPASS[0m
16637 == 16637? [48;5;22mPASS[0m
19043 == 19043? [48;5;22mPASS[0m
22499 == 22499? [48;5;22mPASS[0m
25591 == 25591? [48;5;22mPASS[0m
28891 == 28891? [48;5;22mPASS[0m
[43mSOFT PASS[0m

OUTPUT FROM FU: add_0
2 == 2? [48;5;22mPASS[0m
4 == 4? [48;5;22mPASS[0m
8 == 8? [48;5;22mPASS[0m
16 == 16? [48;5;22mPASS[0m
32 == 32? [48;5;22mPASS[0m
64 == 64? [48;5;22mPASS[0m
128 == 128? [48;5;22mPASS[0m
None == 32? [48;5;58mDFG#2[0m
512 == 512? [48;5;22mPASS[0m
[43mSOFT PASS[0m

OUTPUT FROM FU: add_2
2 == 2? [48;5;22mPASS[0m
4 == 4? [48;5;22mPASS[0m
[42mPASSED[0m

OUTPUT FROM FU: add_4
2 == 2? [48;5;22mPASS[0m
[42mPASSED[0m

OUTPUT FROM FU: add_1
2 == 2? [48;5;22mPASS[0m
4 == 4? [48;5;22mPASS[0m
8 == 8? [48;5;22mPASS[0m
16 == 16? [48;5;22mPASS[0m
32 == 32? [48;5;22mPASS[0m
[42mPASSED[0m

OUTPUT FROM FU: add_3
2 == 2? [48;5;22mPASS[0m
4 == 4? [48;5;22mPASS[0m
6 == 6? [48;5;22mPASS[0m
[42mPASSED[0m

OUTPUT FROM FU: mul_1
6 == 6? [48;5;22mPASS[0m
35 == 35? [48;5;22mPASS[0m
143 == 143? [48;5;22mPASS[0m
323 == 323? [48;5;22mPASS[0m
667 == 667? [48;5;22mPASS[0m
[42mPASSED[0m
--------- 167
ERROR COMPILING INSTRUCTIONS FOR add_1 : Cannot merge 2 store ops for reg0

OUTPUT FROM FU: mul_0
6 == 6? [48;5;22mPASS[0m
None == 10? [48;5;58mDFG#2[0m
143 == 143? [48;5;22mPASS[0m
323 == 323? [48;5;22mPASS[0m
667 == 667? [48;5;22mPASS[0m
1147 == 1147? [48;5;22mPASS[0m
1763 == 1763? [48;5;22mPASS[0m
2491 == 2491? [48;5;22mPASS[0m
3599 == 3599? [48;5;22mPASS[0m
4757 == 4757? [48;5;22mPASS[0m
5767 == 5767? [48;5;22mPASS[0m
7387 == 7387? [48;5;22mPASS[0m
9797 == 9797? [48;5;22mPASS[0m
11021 == 11021? [48;5;22mPASS[0m
12317 == 12317? [48;5;22mPASS[0m
16637 == 16637? [48;5;22mPASS[0m
19043 == 19043? [48;5;22mPASS[0m
22499 == 22499? [48;5;22mPASS[0m
25591 == 25591? [48;5;22mPASS[0m
28891 == 28891? [48;5;22mPASS[0m
[43mSOFT PASS[0m

OUTPUT FROM FU: add_0
2 == 2? [48;5;22mPASS[0m
4 == 4? [48;5;22mPASS[0m
8 == 8? [48;5;22mPASS[0m
16 == 16? [48;5;22mPASS[0m
32 == 32? [48;5;22mPASS[0m
64 == 64? [48;5;22mPASS[0m
128 == 128? [48;5;22mPASS[0m
256 == 256? [48;5;22mPASS[0m
272 == 272? [48;5;22mPASS[0m
1024 == 1024? [48;5;22mPASS[0m
[42mPASSED[0m

OUTPUT FROM FU: add_2
2 == 2? [48;5;22mPASS[0m
4 == 4? [48;5;22mPASS[0m
8 == 8? [48;5;22mPASS[0m
[42mPASSED[0m

OUTPUT FROM FU: add_3
2 == 2? [48;5;22mPASS[0m
[42mPASSED[0m

OUTPUT FROM FU: mul_1
6 == 6? [48;5;22mPASS[0m
35 == 35? [48;5;22mPASS[0m
143 == 143? [48;5;22mPASS[0m
323 == 323? [48;5;22mPASS[0m
667 == 667? [48;5;22mPASS[0m
[42mPASSED[0m
--------- 168
ERROR COMPILING INSTRUCTIONS FOR add_1 : Cannot merge 2 store ops for reg0

OUTPUT FROM FU: mul_0
6 == 6? [48;5;22mPASS[0m
None == 10? [48;5;58mDFG#2[0m
143 == 143? [48;5;22mPASS[0m
323 == 323? [48;5;22mPASS[0m
667 == 667? [48;5;22mPASS[0m
1147 == 1147? [48;5;22mPASS[0m
1763 == 1763? [48;5;22mPASS[0m
2491 == 2491? [48;5;22mPASS[0m
3599 == 3599? [48;5;22mPASS[0m
4757 == 4757? [48;5;22mPASS[0m
5767 == 5767? [48;5;22mPASS[0m
7387 == 7387? [48;5;22mPASS[0m
9797 == 9797? [48;5;22mPASS[0m
11021 == 11021? [48;5;22mPASS[0m
12317 == 12317? [48;5;22mPASS[0m
16637 == 16637? [48;5;22mPASS[0m
19043 == 19043? [48;5;22mPASS[0m
22499 == 22499? [48;5;22mPASS[0m
25591 == 25591? [48;5;22mPASS[0m
28891 == 28891? [48;5;22mPASS[0m
32399 == 32399? [48;5;22mPASS[0m
[43mSOFT PASS[0m

OUTPUT FROM FU: add_0
2 == 2? [48;5;22mPASS[0m
4 == 4? [48;5;22mPASS[0m
8 == 8? [48;5;22mPASS[0m
16 == 16? [48;5;22mPASS[0m
32 == 32? [48;5;22mPASS[0m
64 == 64? [48;5;22mPASS[0m
128 == 128? [48;5;22mPASS[0m
256 == 256? [48;5;22mPASS[0m
512 == 512? [48;5;22mPASS[0m
528 == 528? [48;5;22mPASS[0m
2048 == 2048? [48;5;22mPASS[0m
[42mPASSED[0m

OUTPUT FROM FU: add_2
2 == 2? [48;5;22mPASS[0m
4 == 4? [48;5;22mPASS[0m
8 == 8? [48;5;22mPASS[0m
[42mPASSED[0m

OUTPUT FROM FU: mul_1
6 == 6? [48;5;22mPASS[0m
None == 10? [48;5;58mDFG#2[0m
None == 55? [48;5;58mDFG#2[0m
323 == 323? [48;5;22mPASS[0m
[43mSOFT PASS[0m
--------- 169

OUTPUT FROM FU: mul_0
6 == 6? [48;5;22mPASS[0m
None == 10? [48;5;58mDFG#2[0m
143 == 143? [48;5;22mPASS[0m
323 == 323? [48;5;22mPASS[0m
667 == 667? [48;5;22mPASS[0m
1147 == 1147? [48;5;22mPASS[0m
1763 == 1763? [48;5;22mPASS[0m
2491 == 2491? [48;5;22mPASS[0m
3599 == 3599? [48;5;22mPASS[0m
4757 == 4757? [48;5;22mPASS[0m
5767 == 5767? [48;5;22mPASS[0m
7387 == 7387? [48;5;22mPASS[0m
9797 == 9797? [48;5;22mPASS[0m
11021 == 11021? [48;5;22mPASS[0m
12317 == 12317? [48;5;22mPASS[0m
16637 == 16637? [48;5;22mPASS[0m
19043 == 19043? [48;5;22mPASS[0m
22499 == 22499? [48;5;22mPASS[0m
25591 == 25591? [48;5;22mPASS[0m
28891 == 28891? [48;5;22mPASS[0m
32399 == 32399? [48;5;22mPASS[0m
[43mSOFT PASS[0m

OUTPUT FROM FU: add_0
2 == 2? [48;5;22mPASS[0m
4 == 4? [48;5;22mPASS[0m
8 == 8? [48;5;22mPASS[0m
16 == 16? [48;5;22mPASS[0m
32 == 32? [48;5;22mPASS[0m
64 == 64? [48;5;22mPASS[0m
128 == 128? [48;5;22mPASS[0m
256 == 256? [48;5;22mPASS[0m
512 == 512? [48;5;22mPASS[0m
1024 == 1024? [48;5;22mPASS[0m
None == 272? [48;5;58mDFG#2[0m
4096 == 4096? [48;5;22mPASS[0m
[43mSOFT PASS[0m

OUTPUT FROM FU: add_2
2 == 2? [48;5;22mPASS[0m
4 == 4? [48;5;22mPASS[0m
8 == 8? [48;5;22mPASS[0m
10 == 10? [48;5;22mPASS[0m
[42mPASSED[0m

OUTPUT FROM FU: add_1
2 == 2? [48;5;22mPASS[0m
4 == 4? [48;5;22mPASS[0m
8 == 8? [48;5;22mPASS[0m
[42mPASSED[0m

OUTPUT FROM FU: add_3
2 == 2? [48;5;22mPASS[0m
[42mPASSED[0m

OUTPUT FROM FU: mul_1
6 == 6? [48;5;22mPASS[0m
None == 10? [48;5;58mDFG#2[0m
None == 55? [48;5;58mDFG#2[0m
323 == 323? [48;5;22mPASS[0m
[43mSOFT PASS[0m
--------- 170
ERROR COMPILING INSTRUCTIONS FOR add_0 : Cannot merge 2 store ops for reg0

OUTPUT FROM FU: mul_0
6 == 6? [48;5;22mPASS[0m
None == 10? [48;5;58mDFG#2[0m
143 == 143? [48;5;22mPASS[0m
323 == 323? [48;5;22mPASS[0m
667 == 667? [48;5;22mPASS[0m
1147 == 1147? [48;5;22mPASS[0m
1763 == 1763? [48;5;22mPASS[0m
2491 == 2491? [48;5;22mPASS[0m
3599 == 3599? [48;5;22mPASS[0m
4757 == 4757? [48;5;22mPASS[0m
5767 == 5767? [48;5;22mPASS[0m
7387 == 7387? [48;5;22mPASS[0m
9797 == 9797? [48;5;22mPASS[0m
11021 == 11021? [48;5;22mPASS[0m
12317 == 12317? [48;5;22mPASS[0m
16637 == 16637? [48;5;22mPASS[0m
19043 == 19043? [48;5;22mPASS[0m
22499 == 22499? [48;5;22mPASS[0m
25591 == 25591? [48;5;22mPASS[0m
28891 == 28891? [48;5;22mPASS[0m
32399 == 32399? [48;5;22mPASS[0m
36863 == 36863? [48;5;22mPASS[0m
[43mSOFT PASS[0m

OUTPUT FROM FU: add_2
2 == 2? [48;5;22mPASS[0m
4 == 4? [48;5;22mPASS[0m
None == 5? [48;5;58mDFG#2[0m
[43mSOFT PASS[0m

OUTPUT FROM FU: add_1
2 == 2? [48;5;22mPASS[0m
4 == 4? [48;5;22mPASS[0m
8 == 8? [48;5;22mPASS[0m
16 == 16? [48;5;22mPASS[0m
None == 17? [48;5;58mDFG#2[0m
64 == 64? [48;5;22mPASS[0m
[43mSOFT PASS[0m

OUTPUT FROM FU: add_3
2 == 2? [48;5;22mPASS[0m
4 == 4? [48;5;22mPASS[0m
[42mPASSED[0m

OUTPUT FROM FU: mul_1
6 == 6? [48;5;22mPASS[0m
35 == 35? [48;5;22mPASS[0m
143 == 143? [48;5;22mPASS[0m
[42mPASSED[0m
--------- 171
ERROR COMPILING INSTRUCTIONS FOR add_0 : Cannot merge 2 store ops for reg0

OUTPUT FROM FU: mul_0
6 == 6? [48;5;22mPASS[0m
None == 10? [48;5;58mDFG#2[0m
143 == 143? [48;5;22mPASS[0m
323 == 323? [48;5;22mPASS[0m
667 == 667? [48;5;22mPASS[0m
1147 == 1147? [48;5;22mPASS[0m
1763 == 1763? [48;5;22mPASS[0m
2491 == 2491? [48;5;22mPASS[0m
3599 == 3599? [48;5;22mPASS[0m
4757 == 4757? [48;5;22mPASS[0m
5767 == 5767? [48;5;22mPASS[0m
7387 == 7387? [48;5;22mPASS[0m
9797 == 9797? [48;5;22mPASS[0m
11021 == 11021? [48;5;22mPASS[0m
12317 == 12317? [48;5;22mPASS[0m
16637 == 16637? [48;5;22mPASS[0m
19043 == 19043? [48;5;22mPASS[0m
22499 == 22499? [48;5;22mPASS[0m
25591 == 25591? [48;5;22mPASS[0m
28891 == 28891? [48;5;22mPASS[0m
32399 == 32399? [48;5;22mPASS[0m
36863 == 36863? [48;5;22mPASS[0m
[43mSOFT PASS[0m

OUTPUT FROM FU: add_2
2 == 2? [48;5;22mPASS[0m
None == None? [48;5;58mDFG#2[0m
8 == 8? [48;5;22mPASS[0m
[43mSOFT PASS[0m

OUTPUT FROM FU: add_1
2 == 2? [48;5;22mPASS[0m
4 == 4? [48;5;22mPASS[0m
8 == 8? [48;5;22mPASS[0m
None == 10? [48;5;58mDFG#2[0m
32 == 32? [48;5;22mPASS[0m
64 == 64? [48;5;22mPASS[0m
[43mSOFT PASS[0m

OUTPUT FROM FU: add_3
2 == 2? [48;5;22mPASS[0m
[42mPASSED[0m

OUTPUT FROM FU: mul_1
6 == 6? [48;5;22mPASS[0m
35 == 35? [48;5;22mPASS[0m
143 == 143? [48;5;22mPASS[0m
[42mPASSED[0m
--------- 172
ERROR COMPILING INSTRUCTIONS FOR add_0 : Cannot merge 2 store ops for reg0

OUTPUT FROM FU: mul_0
6 == 6? [48;5;22mPASS[0m
None == 10? [48;5;58mDFG#2[0m
143 == 143? [48;5;22mPASS[0m
323 == 323? [48;5;22mPASS[0m
667 == 667? [48;5;22mPASS[0m
1147 == 1147? [48;5;22mPASS[0m
1763 == 1763? [48;5;22mPASS[0m
2491 == 2491? [48;5;22mPASS[0m
3599 == 3599? [48;5;22mPASS[0m
4757 == 4757? [48;5;22mPASS[0m
5767 == 5767? [48;5;22mPASS[0m
7387 == 7387? [48;5;22mPASS[0m
9797 == 9797? [48;5;22mPASS[0m
11021 == 11021? [48;5;22mPASS[0m
12317 == 12317? [48;5;22mPASS[0m
16637 == 16637? [48;5;22mPASS[0m
19043 == 19043? [48;5;22mPASS[0m
22499 == 22499? [48;5;22mPASS[0m
25591 == 25591? [48;5;22mPASS[0m
28891 == 28891? [48;5;22mPASS[0m
32399 == 32399? [48;5;22mPASS[0m
36863 == 36863? [48;5;22mPASS[0m
39203 == 39203? [48;5;22mPASS[0m
[43mSOFT PASS[0m

OUTPUT FROM FU: add_2
2 == 2? [48;5;22mPASS[0m
None == None? [48;5;58mDFG#2[0m
8 == 8? [48;5;22mPASS[0m
[43mSOFT PASS[0m

OUTPUT FROM FU: add_1
2 == 2? [48;5;22mPASS[0m
4 == 4? [48;5;22mPASS[0m
8 == 8? [48;5;22mPASS[0m
None == 10? [48;5;58mDFG#2[0m
32 == 32? [48;5;22mPASS[0m
64 == 64? [48;5;22mPASS[0m
[43mSOFT PASS[0m

OUTPUT FROM FU: add_3
2 == 2? [48;5;22mPASS[0m
[42mPASSED[0m

OUTPUT FROM FU: mul_1
6 == 6? [48;5;22mPASS[0m
35 == 35? [48;5;22mPASS[0m
[42mPASSED[0m
--------- 173
ERROR COMPILING INSTRUCTIONS FOR add_0 : Cannot merge 2 store ops for reg0

OUTPUT FROM FU: mul_0
6 == 6? [48;5;22mPASS[0m
None == 10? [48;5;58mDFG#2[0m
143 == 143? [48;5;22mPASS[0m
323 == 323? [48;5;22mPASS[0m
667 == 667? [48;5;22mPASS[0m
1147 == 1147? [48;5;22mPASS[0m
1763 == 1763? [48;5;22mPASS[0m
2491 == 2491? [48;5;22mPASS[0m
3599 == 3599? [48;5;22mPASS[0m
4757 == 4757? [48;5;22mPASS[0m
5767 == 5767? [48;5;22mPASS[0m
7387 == 7387? [48;5;22mPASS[0m
9797 == 9797? [48;5;22mPASS[0m
11021 == 11021? [48;5;22mPASS[0m
12317 == 12317? [48;5;22mPASS[0m
16637 == 16637? [48;5;22mPASS[0m
19043 == 19043? [48;5;22mPASS[0m
22499 == 22499? [48;5;22mPASS[0m
25591 == 25591? [48;5;22mPASS[0m
28891 == 28891? [48;5;22mPASS[0m
32399 == 32399? [48;5;22mPASS[0m
36863 == 36863? [48;5;22mPASS[0m
39203 == 39203? [48;5;22mPASS[0m
[43mSOFT PASS[0m

OUTPUT FROM FU: add_2
2 == 2? [48;5;22mPASS[0m
4 == 4? [48;5;22mPASS[0m
8 == 8? [48;5;22mPASS[0m
[42mPASSED[0m

OUTPUT FROM FU: add_1
2 == 2? [48;5;22mPASS[0m
4 == 4? [48;5;22mPASS[0m
6 == 6? [48;5;22mPASS[0m
16 == 16? [48;5;22mPASS[0m
32 == 32? [48;5;22mPASS[0m
64 == 64? [48;5;22mPASS[0m
[42mPASSED[0m

OUTPUT FROM FU: mul_1
6 == 6? [48;5;22mPASS[0m
35 == 35? [48;5;22mPASS[0m
[42mPASSED[0m
--------- 174

OUTPUT FROM FU: mul_0
6 == 6? [48;5;22mPASS[0m
None == 10? [48;5;58mDFG#2[0m
143 == 143? [48;5;22mPASS[0m
323 == 323? [48;5;22mPASS[0m
667 == 667? [48;5;22mPASS[0m
1147 == 1147? [48;5;22mPASS[0m
1763 == 1763? [48;5;22mPASS[0m
2491 == 2491? [48;5;22mPASS[0m
3599 == 3599? [48;5;22mPASS[0m
4757 == 4757? [48;5;22mPASS[0m
5767 == 5767? [48;5;22mPASS[0m
7387 == 7387? [48;5;22mPASS[0m
9797 == 9797? [48;5;22mPASS[0m
11021 == 11021? [48;5;22mPASS[0m
12317 == 12317? [48;5;22mPASS[0m
16637 == 16637? [48;5;22mPASS[0m
19043 == 19043? [48;5;22mPASS[0m
22499 == 22499? [48;5;22mPASS[0m
25591 == 25591? [48;5;22mPASS[0m
28891 == 28891? [48;5;22mPASS[0m
32399 == 32399? [48;5;22mPASS[0m
36863 == 36863? [48;5;22mPASS[0m
39203 == 39203? [48;5;22mPASS[0m
47053 == 47053? [48;5;22mPASS[0m
[43mSOFT PASS[0m

OUTPUT FROM FU: add_0
2 == 2? [48;5;22mPASS[0m
4 == 4? [48;5;22mPASS[0m
8 == 8? [48;5;22mPASS[0m
16 == 16? [48;5;22mPASS[0m
32 == 32? [48;5;22mPASS[0m
64 == 64? [48;5;22mPASS[0m
None == 20? [48;5;58mDFG#2[0m
256 == 256? [48;5;22mPASS[0m
[43mSOFT PASS[0m

OUTPUT FROM FU: add_2
2 == 2? [48;5;22mPASS[0m
4 == 4? [48;5;22mPASS[0m
[42mPASSED[0m

OUTPUT FROM FU: add_1
2 == 2? [48;5;22mPASS[0m
4 == 4? [48;5;22mPASS[0m
8 == 8? [48;5;22mPASS[0m
16 == 16? [48;5;22mPASS[0m
32 == 32? [48;5;22mPASS[0m
64 == 64? [48;5;22mPASS[0m
[42mPASSED[0m

OUTPUT FROM FU: add_3
2 == 2? [48;5;22mPASS[0m
4 == 4? [48;5;22mPASS[0m
None == 5? [48;5;58mDFG#2[0m
None == 10? [48;5;58mDFG#2[0m
[43mSOFT PASS[0m

OUTPUT FROM FU: mul_1
6 == 6? [48;5;22mPASS[0m
[42mPASSED[0m
--------- 175

OUTPUT FROM FU: mul_0
6 == 6? [48;5;22mPASS[0m
None == 10? [48;5;58mDFG#2[0m
143 == 143? [48;5;22mPASS[0m
323 == 323? [48;5;22mPASS[0m
667 == 667? [48;5;22mPASS[0m
1147 == 1147? [48;5;22mPASS[0m
1763 == 1763? [48;5;22mPASS[0m
2491 == 2491? [48;5;22mPASS[0m
3599 == 3599? [48;5;22mPASS[0m
4757 == 4757? [48;5;22mPASS[0m
5767 == 5767? [48;5;22mPASS[0m
7387 == 7387? [48;5;22mPASS[0m
9797 == 9797? [48;5;22mPASS[0m
11021 == 11021? [48;5;22mPASS[0m
12317 == 12317? [48;5;22mPASS[0m
16637 == 16637? [48;5;22mPASS[0m
19043 == 19043? [48;5;22mPASS[0m
22499 == 22499? [48;5;22mPASS[0m
25591 == 25591? [48;5;22mPASS[0m
28891 == 28891? [48;5;22mPASS[0m
32399 == 32399? [48;5;22mPASS[0m
36863 == 36863? [48;5;22mPASS[0m
39203 == 39203? [48;5;22mPASS[0m
47053 == 47053? [48;5;22mPASS[0m
[43mSOFT PASS[0m

OUTPUT FROM FU: add_0
2 == 2? [48;5;22mPASS[0m
4 == 4? [48;5;22mPASS[0m
8 == 8? [48;5;22mPASS[0m
16 == 16? [48;5;22mPASS[0m
32 == 32? [48;5;22mPASS[0m
64 == 64? [48;5;22mPASS[0m
128 == 128? [48;5;22mPASS[0m
144 == 144? [48;5;22mPASS[0m
512 == 512? [48;5;22mPASS[0m
[42mPASSED[0m

OUTPUT FROM FU: add_2
2 == 2? [48;5;22mPASS[0m
4 == 4? [48;5;22mPASS[0m
None == 5? [48;5;58mDFG#2[0m
[43mSOFT PASS[0m

OUTPUT FROM FU: add_1
2 == 2? [48;5;22mPASS[0m
4 == 4? [48;5;22mPASS[0m
8 == 8? [48;5;22mPASS[0m
16 == 16? [48;5;22mPASS[0m
None == 20? [48;5;58mDFG#2[0m
64 == 64? [48;5;22mPASS[0m
[43mSOFT PASS[0m

OUTPUT FROM FU: add_3
2 == 2? [48;5;22mPASS[0m
4 == 4? [48;5;22mPASS[0m
[42mPASSED[0m

OUTPUT FROM FU: mul_1
6 == 6? [48;5;22mPASS[0m
[42mPASSED[0m
--------- 176

OUTPUT FROM FU: mul_0
6 == 6? [48;5;22mPASS[0m
None == 10? [48;5;58mDFG#2[0m
143 == 143? [48;5;22mPASS[0m
323 == 323? [48;5;22mPASS[0m
667 == 667? [48;5;22mPASS[0m
1147 == 1147? [48;5;22mPASS[0m
1763 == 1763? [48;5;22mPASS[0m
2491 == 2491? [48;5;22mPASS[0m
3599 == 3599? [48;5;22mPASS[0m
4757 == 4757? [48;5;22mPASS[0m
5767 == 5767? [48;5;22mPASS[0m
7387 == 7387? [48;5;22mPASS[0m
9797 == 9797? [48;5;22mPASS[0m
11021 == 11021? [48;5;22mPASS[0m
12317 == 12317? [48;5;22mPASS[0m
16637 == 16637? [48;5;22mPASS[0m
19043 == 19043? [48;5;22mPASS[0m
22499 == 22499? [48;5;22mPASS[0m
25591 == 25591? [48;5;22mPASS[0m
28891 == 28891? [48;5;22mPASS[0m
32399 == 32399? [48;5;22mPASS[0m
36863 == 36863? [48;5;22mPASS[0m
39203 == 39203? [48;5;22mPASS[0m
47053 == 47053? [48;5;22mPASS[0m
51983 == 51983? [48;5;22mPASS[0m
[43mSOFT PASS[0m

OUTPUT FROM FU: add_0
2 == 2? [48;5;22mPASS[0m
4 == 4? [48;5;22mPASS[0m
8 == 8? [48;5;22mPASS[0m
16 == 16? [48;5;22mPASS[0m
32 == 32? [48;5;22mPASS[0m
64 == 64? [48;5;22mPASS[0m
128 == 128? [48;5;22mPASS[0m
256 == 256? [48;5;22mPASS[0m
272 == 272? [48;5;22mPASS[0m
1024 == 1024? [48;5;22mPASS[0m
[42mPASSED[0m

OUTPUT FROM FU: add_2
2 == 2? [48;5;22mPASS[0m
4 == 4? [48;5;22mPASS[0m
[42mPASSED[0m

OUTPUT FROM FU: add_4
2 == 2? [48;5;22mPASS[0m
4 == 4? [48;5;22mPASS[0m
[42mPASSED[0m

OUTPUT FROM FU: add_1
2 == 2? [48;5;22mPASS[0m
4 == 4? [48;5;22mPASS[0m
8 == 8? [48;5;22mPASS[0m
16 == 16? [48;5;22mPASS[0m
[42mPASSED[0m

OUTPUT FROM FU: add_3
2 == 2? [48;5;22mPASS[0m
4 == 4? [48;5;22mPASS[0m
[42mPASSED[0m
--------- 177

OUTPUT FROM FU: mul_0
6 == 6? [48;5;22mPASS[0m
None == 10? [48;5;58mDFG#2[0m
143 == 143? [48;5;22mPASS[0m
323 == 323? [48;5;22mPASS[0m
667 == 667? [48;5;22mPASS[0m
1147 == 1147? [48;5;22mPASS[0m
1763 == 1763? [48;5;22mPASS[0m
2491 == 2491? [48;5;22mPASS[0m
3599 == 3599? [48;5;22mPASS[0m
4757 == 4757? [48;5;22mPASS[0m
5767 == 5767? [48;5;22mPASS[0m
7387 == 7387? [48;5;22mPASS[0m
9797 == 9797? [48;5;22mPASS[0m
11021 == 11021? [48;5;22mPASS[0m
12317 == 12317? [48;5;22mPASS[0m
16637 == 16637? [48;5;22mPASS[0m
19043 == 19043? [48;5;22mPASS[0m
22499 == 22499? [48;5;22mPASS[0m
25591 == 25591? [48;5;22mPASS[0m
28891 == 28891? [48;5;22mPASS[0m
32399 == 32399? [48;5;22mPASS[0m
36863 == 36863? [48;5;22mPASS[0m
39203 == 39203? [48;5;22mPASS[0m
47053 == 47053? [48;5;22mPASS[0m
51983 == 51983? [48;5;22mPASS[0m
[43mSOFT PASS[0m

OUTPUT FROM FU: add_0
2 == 2? [48;5;22mPASS[0m
4 == 4? [48;5;22mPASS[0m
8 == 8? [48;5;22mPASS[0m
16 == 16? [48;5;22mPASS[0m
32 == 32? [48;5;22mPASS[0m
64 == 64? [48;5;22mPASS[0m
128 == 128? [48;5;22mPASS[0m
256 == 256? [48;5;22mPASS[0m
512 == 512? [48;5;22mPASS[0m
528 == 528? [48;5;22mPASS[0m
2048 == 2048? [48;5;22mPASS[0m
[42mPASSED[0m

OUTPUT FROM FU: add_2
2 == 2? [48;5;22mPASS[0m
4 == 4? [48;5;22mPASS[0m
None == 5? [48;5;58mDFG#2[0m
[43mSOFT PASS[0m

OUTPUT FROM FU: add_1
2 == 2? [48;5;22mPASS[0m
4 == 4? [48;5;22mPASS[0m
None == 5? [48;5;58mDFG#2[0m
16 == 16? [48;5;22mPASS[0m
[43mSOFT PASS[0m

OUTPUT FROM FU: add_3
2 == 2? [48;5;22mPASS[0m
4 == 4? [48;5;22mPASS[0m
[42mPASSED[0m
--------- 178
ERROR COMPILING INSTRUCTIONS FOR add_2 : Cannot merge 2 store ops for reg0

OUTPUT FROM FU: mul_0
6 == 6? [48;5;22mPASS[0m
None == 10? [48;5;58mDFG#2[0m
143 == 143? [48;5;22mPASS[0m
323 == 323? [48;5;22mPASS[0m
667 == 667? [48;5;22mPASS[0m
1147 == 1147? [48;5;22mPASS[0m
1763 == 1763? [48;5;22mPASS[0m
2491 == 2491? [48;5;22mPASS[0m
3599 == 3599? [48;5;22mPASS[0m
4757 == 4757? [48;5;22mPASS[0m
5767 == 5767? [48;5;22mPASS[0m
7387 == 7387? [48;5;22mPASS[0m
9797 == 9797? [48;5;22mPASS[0m
11021 == 11021? [48;5;22mPASS[0m
12317 == 12317? [48;5;22mPASS[0m
16637 == 16637? [48;5;22mPASS[0m
19043 == 19043? [48;5;22mPASS[0m
22499 == 22499? [48;5;22mPASS[0m
25591 == 25591? [48;5;22mPASS[0m
28891 == 28891? [48;5;22mPASS[0m
32399 == 32399? [48;5;22mPASS[0m
36863 == 36863? [48;5;22mPASS[0m
39203 == 39203? [48;5;22mPASS[0m
47053 == 47053? [48;5;22mPASS[0m
51983 == 51983? [48;5;22mPASS[0m
[43mSOFT PASS[0m

OUTPUT FROM FU: add_0
2 == 2? [48;5;22mPASS[0m
4 == 4? [48;5;22mPASS[0m
8 == 8? [48;5;22mPASS[0m
16 == 16? [48;5;22mPASS[0m
32 == 32? [48;5;22mPASS[0m
64 == 64? [48;5;22mPASS[0m
128 == 128? [48;5;22mPASS[0m
256 == 256? [48;5;22mPASS[0m
512 == 512? [48;5;22mPASS[0m
1024 == 1024? [48;5;22mPASS[0m
None == 272? [48;5;58mDFG#2[0m
4096 == 4096? [48;5;22mPASS[0m
[43mSOFT PASS[0m

OUTPUT FROM FU: add_1
2 == 2? [48;5;22mPASS[0m
4 == 4? [48;5;22mPASS[0m
8 == 8? [48;5;22mPASS[0m
[42mPASSED[0m

OUTPUT FROM FU: add_3
2 == 2? [48;5;22mPASS[0m
[42mPASSED[0m
--------- 179

OUTPUT FROM FU: mul_0
6 == 6? [48;5;22mPASS[0m
None == 10? [48;5;58mDFG#2[0m
143 == 143? [48;5;22mPASS[0m
323 == 323? [48;5;22mPASS[0m
667 == 667? [48;5;22mPASS[0m
1147 == 1147? [48;5;22mPASS[0m
1763 == 1763? [48;5;22mPASS[0m
2491 == 2491? [48;5;22mPASS[0m
3599 == 3599? [48;5;22mPASS[0m
4757 == 4757? [48;5;22mPASS[0m
5767 == 5767? [48;5;22mPASS[0m
7387 == 7387? [48;5;22mPASS[0m
9797 == 9797? [48;5;22mPASS[0m
11021 == 11021? [48;5;22mPASS[0m
12317 == 12317? [48;5;22mPASS[0m
16637 == 16637? [48;5;22mPASS[0m
19043 == 19043? [48;5;22mPASS[0m
22499 == 22499? [48;5;22mPASS[0m
25591 == 25591? [48;5;22mPASS[0m
28891 == 28891? [48;5;22mPASS[0m
32399 == 32399? [48;5;22mPASS[0m
36863 == 36863? [48;5;22mPASS[0m
39203 == 39203? [48;5;22mPASS[0m
47053 == 47053? [48;5;22mPASS[0m
51983 == 51983? [48;5;22mPASS[0m
[43mSOFT PASS[0m

OUTPUT FROM FU: add_0
2 == 2? [48;5;22mPASS[0m
4 == 4? [48;5;22mPASS[0m
8 == 8? [48;5;22mPASS[0m
16 == 16? [48;5;22mPASS[0m
32 == 32? [48;5;22mPASS[0m
64 == 64? [48;5;22mPASS[0m
128 == 128? [48;5;22mPASS[0m
256 == 256? [48;5;22mPASS[0m
512 == 512? [48;5;22mPASS[0m
1024 == 1024? [48;5;22mPASS[0m
None == 272? [48;5;58mDFG#2[0m
66 == 66? [48;5;22mPASS[0m
None == 4112? [48;5;58mDFG#2[0m
[43mSOFT PASS[0m

OUTPUT FROM FU: add_2
2 == 2? [48;5;22mPASS[0m
4 == 4? [48;5;22mPASS[0m
[42mPASSED[0m

OUTPUT FROM FU: add_4
2 == 2? [48;5;22mPASS[0m
[42mPASSED[0m

OUTPUT FROM FU: add_1
2 == 2? [48;5;22mPASS[0m
4 == 4? [48;5;22mPASS[0m
None == 5? [48;5;58mDFG#2[0m
[43mSOFT PASS[0m

OUTPUT FROM FU: add_3
2 == 2? [48;5;22mPASS[0m
[42mPASSED[0m
--------- 180

OUTPUT FROM FU: mul_0
6 == 6? [48;5;22mPASS[0m
None == 10? [48;5;58mDFG#2[0m
143 == 143? [48;5;22mPASS[0m
323 == 323? [48;5;22mPASS[0m
667 == 667? [48;5;22mPASS[0m
1147 == 1147? [48;5;22mPASS[0m
1763 == 1763? [48;5;22mPASS[0m
2491 == 2491? [48;5;22mPASS[0m
3599 == 3599? [48;5;22mPASS[0m
4757 == 4757? [48;5;22mPASS[0m
5767 == 5767? [48;5;22mPASS[0m
7387 == 7387? [48;5;22mPASS[0m
9797 == 9797? [48;5;22mPASS[0m
11021 == 11021? [48;5;22mPASS[0m
12317 == 12317? [48;5;22mPASS[0m
16637 == 16637? [48;5;22mPASS[0m
19043 == 19043? [48;5;22mPASS[0m
22499 == 22499? [48;5;22mPASS[0m
25591 == 25591? [48;5;22mPASS[0m
28891 == 28891? [48;5;22mPASS[0m
32399 == 32399? [48;5;22mPASS[0m
36863 == 36863? [48;5;22mPASS[0m
39203 == 39203? [48;5;22mPASS[0m
47053 == 47053? [48;5;22mPASS[0m
51983 == 51983? [48;5;22mPASS[0m
[43mSOFT PASS[0m

OUTPUT FROM FU: add_0
2 == 2? [48;5;22mPASS[0m
4 == 4? [48;5;22mPASS[0m
8 == 8? [48;5;22mPASS[0m
16 == 16? [48;5;22mPASS[0m
32 == 32? [48;5;22mPASS[0m
64 == 64? [48;5;22mPASS[0m
128 == 128? [48;5;22mPASS[0m
256 == 256? [48;5;22mPASS[0m
512 == 512? [48;5;22mPASS[0m
1024 == 1024? [48;5;22mPASS[0m
None == 272? [48;5;58mDFG#2[0m
66 == 66? [48;5;22mPASS[0m
1056 == 1056? [48;5;22mPASS[0m
9248 == 9248? [48;5;22mPASS[0m
[43mSOFT PASS[0m

OUTPUT FROM FU: add_2
2 == 2? [48;5;22mPASS[0m
[42mPASSED[0m

OUTPUT FROM FU: add_1
2 == 2? [48;5;22mPASS[0m
4 == 4? [48;5;22mPASS[0m
8 == 8? [48;5;22mPASS[0m
16 == 16? [48;5;22mPASS[0m
18 == 18? [48;5;22mPASS[0m
[42mPASSED[0m
--------- 181

OUTPUT FROM FU: mul_0
6 == 6? [48;5;22mPASS[0m
None == 10? [48;5;58mDFG#2[0m
143 == 143? [48;5;22mPASS[0m
323 == 323? [48;5;22mPASS[0m
667 == 667? [48;5;22mPASS[0m
1147 == 1147? [48;5;22mPASS[0m
1763 == 1763? [48;5;22mPASS[0m
2491 == 2491? [48;5;22mPASS[0m
3599 == 3599? [48;5;22mPASS[0m
4757 == 4757? [48;5;22mPASS[0m
5767 == 5767? [48;5;22mPASS[0m
7387 == 7387? [48;5;22mPASS[0m
9797 == 9797? [48;5;22mPASS[0m
11021 == 11021? [48;5;22mPASS[0m
12317 == 12317? [48;5;22mPASS[0m
16637 == 16637? [48;5;22mPASS[0m
19043 == 19043? [48;5;22mPASS[0m
22499 == 22499? [48;5;22mPASS[0m
25591 == 25591? [48;5;22mPASS[0m
28891 == 28891? [48;5;22mPASS[0m
32399 == 32399? [48;5;22mPASS[0m
36863 == 36863? [48;5;22mPASS[0m
39203 == 39203? [48;5;22mPASS[0m
47053 == 47053? [48;5;22mPASS[0m
51983 == 51983? [48;5;22mPASS[0m
[43mSOFT PASS[0m

OUTPUT FROM FU: add_0
2 == 2? [48;5;22mPASS[0m
4 == 4? [48;5;22mPASS[0m
8 == 8? [48;5;22mPASS[0m
16 == 16? [48;5;22mPASS[0m
32 == 32? [48;5;22mPASS[0m
64 == 64? [48;5;22mPASS[0m
128 == 128? [48;5;22mPASS[0m
256 == 256? [48;5;22mPASS[0m
512 == 512? [48;5;22mPASS[0m
1024 == 1024? [48;5;22mPASS[0m
None == 272? [48;5;58mDFG#2[0m
66 == 66? [48;5;22mPASS[0m
1056 == 1056? [48;5;22mPASS[0m
264 == 264? [48;5;22mPASS[0m
None == 16386? [48;5;58mDFG#2[0m
[43mSOFT PASS[0m

OUTPUT FROM FU: add_2
2 == 2? [48;5;22mPASS[0m
[42mPASSED[0m

OUTPUT FROM FU: add_1
2 == 2? [48;5;22mPASS[0m
4 == 4? [48;5;22mPASS[0m
8 == 8? [48;5;22mPASS[0m
16 == 16? [48;5;22mPASS[0m
[42mPASSED[0m
--------- 182

OUTPUT FROM FU: mul_0
6 == 6? [48;5;22mPASS[0m
None == 10? [48;5;58mDFG#2[0m
143 == 143? [48;5;22mPASS[0m
323 == 323? [48;5;22mPASS[0m
667 == 667? [48;5;22mPASS[0m
1147 == 1147? [48;5;22mPASS[0m
1763 == 1763? [48;5;22mPASS[0m
2491 == 2491? [48;5;22mPASS[0m
3599 == 3599? [48;5;22mPASS[0m
4757 == 4757? [48;5;22mPASS[0m
5767 == 5767? [48;5;22mPASS[0m
7387 == 7387? [48;5;22mPASS[0m
9797 == 9797? [48;5;22mPASS[0m
11021 == 11021? [48;5;22mPASS[0m
12317 == 12317? [48;5;22mPASS[0m
16637 == 16637? [48;5;22mPASS[0m
19043 == 19043? [48;5;22mPASS[0m
22499 == 22499? [48;5;22mPASS[0m
25591 == 25591? [48;5;22mPASS[0m
28891 == 28891? [48;5;22mPASS[0m
32399 == 32399? [48;5;22mPASS[0m
36863 == 36863? [48;5;22mPASS[0m
39203 == 39203? [48;5;22mPASS[0m
47053 == 47053? [48;5;22mPASS[0m
51983 == 51983? [48;5;22mPASS[0m
[43mSOFT PASS[0m

OUTPUT FROM FU: add_0
2 == 2? [48;5;22mPASS[0m
4 == 4? [48;5;22mPASS[0m
8 == 8? [48;5;22mPASS[0m
16 == 16? [48;5;22mPASS[0m
32 == 32? [48;5;22mPASS[0m
64 == 64? [48;5;22mPASS[0m
128 == 128? [48;5;22mPASS[0m
256 == 256? [48;5;22mPASS[0m
512 == 512? [48;5;22mPASS[0m
1024 == 1024? [48;5;22mPASS[0m
None == 272? [48;5;58mDFG#2[0m
66 == 66? [48;5;22mPASS[0m
1056 == 1056? [48;5;22mPASS[0m
264 == 264? [48;5;22mPASS[0m
132 == 132? [48;5;22mPASS[0m
33824 == 33824? [48;5;22mPASS[0m
[43mSOFT PASS[0m

OUTPUT FROM FU: add_1
2 == 2? [48;5;22mPASS[0m
4 == 4? [48;5;22mPASS[0m
8 == 8? [48;5;22mPASS[0m
16 == 16? [48;5;22mPASS[0m
[42mPASSED[0m
--------- 183

OUTPUT FROM FU: mul_0
6 == 6? [48;5;22mPASS[0m
None == 10? [48;5;58mDFG#2[0m
143 == 143? [48;5;22mPASS[0m
323 == 323? [48;5;22mPASS[0m
667 == 667? [48;5;22mPASS[0m
1147 == 1147? [48;5;22mPASS[0m
1763 == 1763? [48;5;22mPASS[0m
2491 == 2491? [48;5;22mPASS[0m
3599 == 3599? [48;5;22mPASS[0m
4757 == 4757? [48;5;22mPASS[0m
5767 == 5767? [48;5;22mPASS[0m
7387 == 7387? [48;5;22mPASS[0m
9797 == 9797? [48;5;22mPASS[0m
11021 == 11021? [48;5;22mPASS[0m
12317 == 12317? [48;5;22mPASS[0m
16637 == 16637? [48;5;22mPASS[0m
19043 == 19043? [48;5;22mPASS[0m
22499 == 22499? [48;5;22mPASS[0m
25591 == 25591? [48;5;22mPASS[0m
28891 == 28891? [48;5;22mPASS[0m
32399 == 32399? [48;5;22mPASS[0m
36863 == 36863? [48;5;22mPASS[0m
39203 == 39203? [48;5;22mPASS[0m
47053 == 47053? [48;5;22mPASS[0m
51983 == 51983? [48;5;22mPASS[0m
[43mSOFT PASS[0m

OUTPUT FROM FU: add_0
2 == 2? [48;5;22mPASS[0m
4 == 4? [48;5;22mPASS[0m
8 == 8? [48;5;22mPASS[0m
16 == 16? [48;5;22mPASS[0m
32 == 32? [48;5;22mPASS[0m
64 == 64? [48;5;22mPASS[0m
128 == 128? [48;5;22mPASS[0m
256 == 256? [48;5;22mPASS[0m
512 == 512? [48;5;22mPASS[0m
1024 == 1024? [48;5;22mPASS[0m
None == 272? [48;5;58mDFG#2[0m
66 == 66? [48;5;22mPASS[0m
1056 == 1056? [48;5;22mPASS[0m
264 == 264? [48;5;22mPASS[0m
132 == 132? [48;5;22mPASS[0m
33824 == 33824? [48;5;22mPASS[0m
None == 65808? [48;5;58mDFG#2[0m
[43mSOFT PASS[0m

OUTPUT FROM FU: add_1
2 == 2? [48;5;22mPASS[0m
4 == 4? [48;5;22mPASS[0m
8 == 8? [48;5;22mPASS[0m
[42mPASSED[0m
--------- 184

OUTPUT FROM FU: mul_0
6 == 6? [48;5;22mPASS[0m
None == 10? [48;5;58mDFG#2[0m
143 == 143? [48;5;22mPASS[0m
323 == 323? [48;5;22mPASS[0m
667 == 667? [48;5;22mPASS[0m
1147 == 1147? [48;5;22mPASS[0m
1763 == 1763? [48;5;22mPASS[0m
2491 == 2491? [48;5;22mPASS[0m
3599 == 3599? [48;5;22mPASS[0m
4757 == 4757? [48;5;22mPASS[0m
5767 == 5767? [48;5;22mPASS[0m
7387 == 7387? [48;5;22mPASS[0m
9797 == 9797? [48;5;22mPASS[0m
11021 == 11021? [48;5;22mPASS[0m
12317 == 12317? [48;5;22mPASS[0m
16637 == 16637? [48;5;22mPASS[0m
19043 == 19043? [48;5;22mPASS[0m
22499 == 22499? [48;5;22mPASS[0m
25591 == 25591? [48;5;22mPASS[0m
28891 == 28891? [48;5;22mPASS[0m
32399 == 32399? [48;5;22mPASS[0m
36863 == 36863? [48;5;22mPASS[0m
39203 == 39203? [48;5;22mPASS[0m
47053 == 47053? [48;5;22mPASS[0m
51983 == 51983? [48;5;22mPASS[0m
[43mSOFT PASS[0m

OUTPUT FROM FU: add_0
2 == 2? [48;5;22mPASS[0m
4 == 4? [48;5;22mPASS[0m
8 == 8? [48;5;22mPASS[0m
16 == 16? [48;5;22mPASS[0m
32 == 32? [48;5;22mPASS[0m
64 == 64? [48;5;22mPASS[0m
128 == 128? [48;5;22mPASS[0m
256 == 256? [48;5;22mPASS[0m
512 == 512? [48;5;22mPASS[0m
1024 == 1024? [48;5;22mPASS[0m
None == 272? [48;5;58mDFG#2[0m
66 == 66? [48;5;22mPASS[0m
1056 == 1056? [48;5;22mPASS[0m
264 == 264? [48;5;22mPASS[0m
132 == 132? [48;5;22mPASS[0m
33824 == 33824? [48;5;22mPASS[0m
None == 65808? [48;5;58mDFG#2[0m
131138 == 131138? [48;5;22mPASS[0m
[43mSOFT PASS[0m

OUTPUT FROM FU: add_1
2 == 2? [48;5;22mPASS[0m
4 == 4? [48;5;22mPASS[0m
[42mPASSED[0m
--------- 185

OUTPUT FROM FU: mul_0
6 == 6? [48;5;22mPASS[0m
None == 10? [48;5;58mDFG#2[0m
143 == 143? [48;5;22mPASS[0m
323 == 323? [48;5;22mPASS[0m
667 == 667? [48;5;22mPASS[0m
1147 == 1147? [48;5;22mPASS[0m
1763 == 1763? [48;5;22mPASS[0m
2491 == 2491? [48;5;22mPASS[0m
3599 == 3599? [48;5;22mPASS[0m
4757 == 4757? [48;5;22mPASS[0m
5767 == 5767? [48;5;22mPASS[0m
7387 == 7387? [48;5;22mPASS[0m
9797 == 9797? [48;5;22mPASS[0m
11021 == 11021? [48;5;22mPASS[0m
12317 == 12317? [48;5;22mPASS[0m
16637 == 16637? [48;5;22mPASS[0m
19043 == 19043? [48;5;22mPASS[0m
22499 == 22499? [48;5;22mPASS[0m
25591 == 25591? [48;5;22mPASS[0m
28891 == 28891? [48;5;22mPASS[0m
32399 == 32399? [48;5;22mPASS[0m
36863 == 36863? [48;5;22mPASS[0m
39203 == 39203? [48;5;22mPASS[0m
47053 == 47053? [48;5;22mPASS[0m
51983 == 51983? [48;5;22mPASS[0m
[43mSOFT PASS[0m

OUTPUT FROM FU: add_0
2 == 2? [48;5;22mPASS[0m
4 == 4? [48;5;22mPASS[0m
8 == 8? [48;5;22mPASS[0m
16 == 16? [48;5;22mPASS[0m
32 == 32? [48;5;22mPASS[0m
64 == 64? [48;5;22mPASS[0m
128 == 128? [48;5;22mPASS[0m
256 == 256? [48;5;22mPASS[0m
512 == 512? [48;5;22mPASS[0m
1024 == 1024? [48;5;22mPASS[0m
None == 272? [48;5;58mDFG#2[0m
66 == 66? [48;5;22mPASS[0m
1056 == 1056? [48;5;22mPASS[0m
264 == 264? [48;5;22mPASS[0m
132 == 132? [48;5;22mPASS[0m
33824 == 33824? [48;5;22mPASS[0m
None == 65808? [48;5;58mDFG#2[0m
131138 == 131138? [48;5;22mPASS[0m
262408 == 262408? [48;5;22mPASS[0m
[43mSOFT PASS[0m

OUTPUT FROM FU: add_1
2 == 2? [48;5;22mPASS[0m
[42mPASSED[0m
--------- 186

OUTPUT FROM FU: mul_0
6 == 6? [48;5;22mPASS[0m
None == 10? [48;5;58mDFG#2[0m
143 == 143? [48;5;22mPASS[0m
323 == 323? [48;5;22mPASS[0m
667 == 667? [48;5;22mPASS[0m
1147 == 1147? [48;5;22mPASS[0m
1763 == 1763? [48;5;22mPASS[0m
2491 == 2491? [48;5;22mPASS[0m
3599 == 3599? [48;5;22mPASS[0m
4757 == 4757? [48;5;22mPASS[0m
5767 == 5767? [48;5;22mPASS[0m
7387 == 7387? [48;5;22mPASS[0m
9797 == 9797? [48;5;22mPASS[0m
11021 == 11021? [48;5;22mPASS[0m
12317 == 12317? [48;5;22mPASS[0m
16637 == 16637? [48;5;22mPASS[0m
19043 == 19043? [48;5;22mPASS[0m
22499 == 22499? [48;5;22mPASS[0m
25591 == 25591? [48;5;22mPASS[0m
28891 == 28891? [48;5;22mPASS[0m
32399 == 32399? [48;5;22mPASS[0m
36863 == 36863? [48;5;22mPASS[0m
39203 == 39203? [48;5;22mPASS[0m
47053 == 47053? [48;5;22mPASS[0m
51983 == 51983? [48;5;22mPASS[0m
[43mSOFT PASS[0m

OUTPUT FROM FU: add_0
2 == 2? [48;5;22mPASS[0m
4 == 4? [48;5;22mPASS[0m
8 == 8? [48;5;22mPASS[0m
16 == 16? [48;5;22mPASS[0m
32 == 32? [48;5;22mPASS[0m
64 == 64? [48;5;22mPASS[0m
128 == 128? [48;5;22mPASS[0m
256 == 256? [48;5;22mPASS[0m
512 == 512? [48;5;22mPASS[0m
1024 == 1024? [48;5;22mPASS[0m
None == 272? [48;5;58mDFG#2[0m
66 == 66? [48;5;22mPASS[0m
1056 == 1056? [48;5;22mPASS[0m
264 == 264? [48;5;22mPASS[0m
132 == 132? [48;5;22mPASS[0m
33824 == 33824? [48;5;22mPASS[0m
None == 65808? [48;5;58mDFG#2[0m
131138 == 131138? [48;5;22mPASS[0m
262408 == 262408? [48;5;22mPASS[0m
524420 == 524420? [48;5;22mPASS[0m
[43mSOFT PASS[0m
--------- 187

OUTPUT FROM FU: mul_0
6 == 6? [48;5;22mPASS[0m
None == 10? [48;5;58mDFG#2[0m
143 == 143? [48;5;22mPASS[0m
323 == 323? [48;5;22mPASS[0m
667 == 667? [48;5;22mPASS[0m
1147 == 1147? [48;5;22mPASS[0m
1763 == 1763? [48;5;22mPASS[0m
2491 == 2491? [48;5;22mPASS[0m
3599 == 3599? [48;5;22mPASS[0m
4757 == 4757? [48;5;22mPASS[0m
5767 == 5767? [48;5;22mPASS[0m
7387 == 7387? [48;5;22mPASS[0m
9797 == 9797? [48;5;22mPASS[0m
11021 == 11021? [48;5;22mPASS[0m
12317 == 12317? [48;5;22mPASS[0m
16637 == 16637? [48;5;22mPASS[0m
19043 == 19043? [48;5;22mPASS[0m
22499 == 22499? [48;5;22mPASS[0m
25591 == 25591? [48;5;22mPASS[0m
28891 == 28891? [48;5;22mPASS[0m
32399 == 32399? [48;5;22mPASS[0m
36863 == 36863? [48;5;22mPASS[0m
39203 == 39203? [48;5;22mPASS[0m
47053 == 47053? [48;5;22mPASS[0m
51983 == 51983? [48;5;22mPASS[0m
[43mSOFT PASS[0m

OUTPUT FROM FU: add_0
2 == 2? [48;5;22mPASS[0m
4 == 4? [48;5;22mPASS[0m
8 == 8? [48;5;22mPASS[0m
16 == 16? [48;5;22mPASS[0m
32 == 32? [48;5;22mPASS[0m
64 == 64? [48;5;22mPASS[0m
128 == 128? [48;5;22mPASS[0m
256 == 256? [48;5;22mPASS[0m
512 == 512? [48;5;22mPASS[0m
1024 == 1024? [48;5;22mPASS[0m
None == 272? [48;5;58mDFG#2[0m
66 == 66? [48;5;22mPASS[0m
1056 == 1056? [48;5;22mPASS[0m
264 == 264? [48;5;22mPASS[0m
132 == 132? [48;5;22mPASS[0m
33824 == 33824? [48;5;22mPASS[0m
None == 65808? [48;5;58mDFG#2[0m
131138 == 131138? [48;5;22mPASS[0m
262408 == 262408? [48;5;22mPASS[0m
524420 == 524420? [48;5;22mPASS[0m
[43mSOFT PASS[0m
--------- 188

OUTPUT FROM FU: mul_0
6 == 6? [48;5;22mPASS[0m
None == 10? [48;5;58mDFG#2[0m
143 == 143? [48;5;22mPASS[0m
323 == 323? [48;5;22mPASS[0m
667 == 667? [48;5;22mPASS[0m
1147 == 1147? [48;5;22mPASS[0m
1763 == 1763? [48;5;22mPASS[0m
2491 == 2491? [48;5;22mPASS[0m
3599 == 3599? [48;5;22mPASS[0m
4757 == 4757? [48;5;22mPASS[0m
5767 == 5767? [48;5;22mPASS[0m
7387 == 7387? [48;5;22mPASS[0m
9797 == 9797? [48;5;22mPASS[0m
11021 == 11021? [48;5;22mPASS[0m
12317 == 12317? [48;5;22mPASS[0m
16637 == 16637? [48;5;22mPASS[0m
19043 == 19043? [48;5;22mPASS[0m
22499 == 22499? [48;5;22mPASS[0m
25591 == 25591? [48;5;22mPASS[0m
28891 == 28891? [48;5;22mPASS[0m
32399 == 32399? [48;5;22mPASS[0m
36863 == 36863? [48;5;22mPASS[0m
39203 == 39203? [48;5;22mPASS[0m
47053 == 47053? [48;5;22mPASS[0m
51983 == 51983? [48;5;22mPASS[0m
[43mSOFT PASS[0m

OUTPUT FROM FU: add_0
2 == 2? [48;5;22mPASS[0m
4 == 4? [48;5;22mPASS[0m
8 == 8? [48;5;22mPASS[0m
16 == 16? [48;5;22mPASS[0m
32 == 32? [48;5;22mPASS[0m
64 == 64? [48;5;22mPASS[0m
128 == 128? [48;5;22mPASS[0m
256 == 256? [48;5;22mPASS[0m
512 == 512? [48;5;22mPASS[0m
1024 == 1024? [48;5;22mPASS[0m
None == 272? [48;5;58mDFG#2[0m
66 == 66? [48;5;22mPASS[0m
1056 == 1056? [48;5;22mPASS[0m
264 == 264? [48;5;22mPASS[0m
132 == 132? [48;5;22mPASS[0m
33824 == 33824? [48;5;22mPASS[0m
None == 65808? [48;5;58mDFG#2[0m
131138 == 131138? [48;5;22mPASS[0m
262408 == 262408? [48;5;22mPASS[0m
524420 == 524420? [48;5;22mPASS[0m
[43mSOFT PASS[0m
